<html>
<body>
<pre>
<h1>礦ision Build Log</h1>
<h2>Tool Versions:</h2>
IDE-Version: μVision V5.34.0.0
Copyright (C) 2021 ARM Ltd and ARM Germany GmbH. All rights reserved.
License Information: WZS WZS, WZS, LIC=FYKYW-QM9SM-NN2AF-6CMQM-ZEPBJ-HLH65
 
Tool Versions:
Toolchain:       MDK-ARM Plus  Version: 5.34.0.0
Toolchain Path:  D:\Program Files\Keil_v5\ARM\ARMCC\Bin
C Compiler:      Armcc.exe V5.06 update 7 (build 960)
Assembler:       Armasm.exe V5.06 update 7 (build 960)
Linker/Locator:  ArmLink.exe V5.06 update 7 (build 960)
Library Manager: ArmAr.exe V5.06 update 7 (build 960)
Hex Converter:   FromElf.exe V5.06 update 7 (build 960)
CPU DLL:         SARMCM3.DLL V5.34.0.0
Dialog DLL:      DCM.DLL V1.17.3.0
Target DLL:      STLink\ST-LINKIII-KEIL_SWO.dll V3.0.8.0
Dialog DLL:      TCM.DLL V1.48.0.0
 
<h2>Project:</h2>
F:\我的硕士材料\我的任务\声卡设计制作\XXX_AUDIO(DMA)(NEWRE)(WORD)(CLASS 1.0)(24.576M)\STM32F446_AUDIO(DMA)(NEWRE)\MDK-ARM\446_AUDIO_RE.uvprojx
Project File Date:  06/09/2021

<h2>Output:</h2>
*** Using Compiler 'V5.06 update 7 (build 960)', folder: 'D:\Program Files\Keil_v5\ARM\ARMCC\Bin'
Build target '446_AUDIO_RE'
assembling startup_stm32f446xx.s...
compiling usbd_audio_if.c...
compiling stm32f4xx_it.c...
compiling pdm2pcm.c...
compiling usbd_desc.c...
compiling usb_device.c...
compiling usbd_conf.c...
compiling main.c...
../Src/main.c(407): warning:  #177-D: variable "i"  was declared but never referenced
  				uint16_t i;
../Src/main.c: 1 warning, 0 errors
compiling stm32f4xx_hal_pcd_ex.c...
compiling stm32f4xx_hal_flash.c...
compiling stm32f4xx_ll_usb.c...
compiling stm32f4xx_hal_rcc.c...
compiling stm32f4xx_hal_msp.c...
compiling stm32f4xx_hal_pcd.c...
compiling stm32f4xx_hal_rcc_ex.c...
compiling stm32f4xx_hal_flash_ex.c...
compiling stm32f4xx_hal_pwr_ex.c...
compiling stm32f4xx_hal_pwr.c...
compiling stm32f4xx_hal_flash_ramfunc.c...
compiling stm32f4xx_hal_dma.c...
compiling stm32f4xx_hal_gpio.c...
compiling stm32f4xx_hal_dma_ex.c...
compiling stm32f4xx_hal_sai.c...
../Drivers/STM32F4xx_HAL_Driver/Src/stm32f4xx_hal_sai.c(2429): warning:  #177-D: function "SAI_DMARxHalfCplt"  was declared but never referenced
  static void SAI_DMARxHalfCplt(DMA_HandleTypeDef *hdma)
../Drivers/STM32F4xx_HAL_Driver/Src/stm32f4xx_hal_sai.c: 1 warning, 0 errors
compiling stm32f4xx_hal_crc.c...
compiling stm32f4xx_hal.c...
compiling stm32f4xx_hal_exti.c...
compiling stm32f4xx_hal_i2s_ex.c...
compiling stm32f4xx_hal_cortex.c...
compiling stm32f4xx_hal_i2s.c...
../Drivers/STM32F4xx_HAL_Driver/Src/stm32f4xx_hal_i2s.c(204): warning:  #177-D: function "I2S_DMATxHalfCplt"  was declared but never referenced
  static void               I2S_DMATxHalfCplt(DMA_HandleTypeDef *hdma);
../Drivers/STM32F4xx_HAL_Driver/Src/stm32f4xx_hal_i2s.c: 1 warning, 0 errors
compiling stm32f4xx_hal_tim_ex.c...
compiling stm32f4xx_hal_sai_ex.c...
compiling system_stm32f4xx.c...
compiling usbd_ioreq.c...
compiling usbd_ctlreq.c...
compiling usbd_core.c...
compiling stm32f4xx_hal_tim.c...
compiling usbd_audio.c...
linking...
Program Size: Code=34660 RO-data=828 RW-data=1840 ZI-data=107648  
FromELF: creating hex file...
"446_AUDIO_RE\446_AUDIO_RE.axf" - 0 Error(s), 3 Warning(s).

<h2>Software Packages used:</h2>

Package Vendor: ARM
                http://www.keil.com/pack/ARM.CMSIS.5.7.0.pack
                ARM.CMSIS.5.7.0
                CMSIS (Cortex Microcontroller Software Interface Standard)
   * Component: CORE Version: 5.4.0

Package Vendor: Keil
                http://www.keil.com/pack/Keil.STM32F4xx_DFP.2.15.0.pack
                Keil.STM32F4xx_DFP.2.15.0
                STMicroelectronics STM32F4 Series Device Support, Drivers and Examples

<h2>Collection of Component include folders:</h2>
  .\RTE\_446_AUDIO_RE
  D:\Program Files\Keil_packs\ARM\CMSIS\5.7.0\CMSIS\Core\Include
  D:\Program Files\Keil_packs\Keil\STM32F4xx_DFP\2.15.0\Drivers\CMSIS\Device\ST\STM32F4xx\Include

<h2>Collection of Component Files used:</h2>

   * Component: ARM::CMSIS:CORE:5.4.0
Build Time Elapsed:  00:00:59
</pre>
</body>
</html>
