Component: ARM Compiler 5.06 update 7 (build 960) Tool: armlink [4d3601]

==============================================================================

Section Cross References

    startup_stm32f446xx.o(RESET) refers to startup_stm32f446xx.o(STACK) for __initial_sp
    startup_stm32f446xx.o(RESET) refers to startup_stm32f446xx.o(.text) for Reset_Handler
    startup_stm32f446xx.o(RESET) refers to stm32f4xx_it.o(i.NMI_Handler) for NMI_Handler
    startup_stm32f446xx.o(RESET) refers to stm32f4xx_it.o(i.HardFault_Handler) for HardFault_Handler
    startup_stm32f446xx.o(RESET) refers to stm32f4xx_it.o(i.MemManage_Handler) for MemManage_Handler
    startup_stm32f446xx.o(RESET) refers to stm32f4xx_it.o(i.BusFault_Handler) for BusFault_Handler
    startup_stm32f446xx.o(RESET) refers to stm32f4xx_it.o(i.UsageFault_Handler) for UsageFault_Handler
    startup_stm32f446xx.o(RESET) refers to stm32f4xx_it.o(i.SVC_Handler) for SVC_Handler
    startup_stm32f446xx.o(RESET) refers to stm32f4xx_it.o(i.DebugMon_Handler) for DebugMon_Handler
    startup_stm32f446xx.o(RESET) refers to stm32f4xx_it.o(i.PendSV_Handler) for PendSV_Handler
    startup_stm32f446xx.o(RESET) refers to stm32f4xx_it.o(i.SysTick_Handler) for SysTick_Handler
    startup_stm32f446xx.o(RESET) refers to stm32f4xx_it.o(i.DMA1_Stream4_IRQHandler) for DMA1_Stream4_IRQHandler
    startup_stm32f446xx.o(RESET) refers to stm32f4xx_it.o(i.DMA2_Stream1_IRQHandler) for DMA2_Stream1_IRQHandler
    startup_stm32f446xx.o(RESET) refers to stm32f4xx_it.o(i.OTG_HS_IRQHandler) for OTG_HS_IRQHandler
    startup_stm32f446xx.o(.text) refers to system_stm32f4xx.o(i.SystemInit) for SystemInit
    startup_stm32f446xx.o(.text) refers to entry.o(.ARM.Collect$$$$00000000) for __main
    main.o(i.HAL_I2S_TxCpltCallback) refers to usbd_audio.o(i.init_out_parameter) for init_out_parameter
    main.o(i.HAL_I2S_TxCpltCallback) refers to stm32f4xx_hal.o(i.HAL_GetTick) for HAL_GetTick
    main.o(i.HAL_I2S_TxCpltCallback) refers to stm32f4xx_hal_gpio.o(i.HAL_GPIO_WritePin) for HAL_GPIO_WritePin
    main.o(i.HAL_I2S_TxCpltCallback) refers to stm32f4xx_hal_i2s.o(i.HAL_I2S_Transmit_DMA) for HAL_I2S_Transmit_DMA
    main.o(i.HAL_I2S_TxCpltCallback) refers to main.o(.data) for .data
    main.o(i.HAL_I2S_TxCpltCallback) refers to main.o(.bss) for .bss
    main.o(i.HAL_SAI_RxCpltCallback) refers to stm32f4xx_hal_sai.o(i.HAL_SAI_Receive_DMA) for HAL_SAI_Receive_DMA
    main.o(i.HAL_SAI_RxCpltCallback) refers to stm32f4xx_hal.o(i.HAL_GetTick) for HAL_GetTick
    main.o(i.HAL_SAI_RxCpltCallback) refers to stm32f4xx_hal_gpio.o(i.HAL_GPIO_WritePin) for HAL_GPIO_WritePin
    main.o(i.HAL_SAI_RxCpltCallback) refers to main.o(.data) for .data
    main.o(i.HAL_SAI_RxCpltCallback) refers to main.o(.bss) for .bss
    main.o(i.SystemClock_Config) refers to memseta.o(.text) for __aeabi_memclr4
    main.o(i.SystemClock_Config) refers to stm32f4xx_hal_rcc_ex.o(i.HAL_RCC_OscConfig) for HAL_RCC_OscConfig
    main.o(i.SystemClock_Config) refers to stm32f4xx_hal_pwr_ex.o(i.HAL_PWREx_EnableOverDrive) for HAL_PWREx_EnableOverDrive
    main.o(i.SystemClock_Config) refers to stm32f4xx_hal_rcc.o(i.HAL_RCC_ClockConfig) for HAL_RCC_ClockConfig
    main.o(i.SystemClock_Config) refers to stm32f4xx_hal_rcc_ex.o(i.HAL_RCCEx_PeriphCLKConfig) for HAL_RCCEx_PeriphCLKConfig
    main.o(i.main) refers to stm32f4xx_hal.o(i.HAL_Init) for HAL_Init
    main.o(i.main) refers to main.o(i.SystemClock_Config) for SystemClock_Config
    main.o(i.main) refers to stm32f4xx_hal_gpio.o(i.HAL_GPIO_Init) for HAL_GPIO_Init
    main.o(i.main) refers to stm32f4xx_hal_gpio.o(i.HAL_GPIO_WritePin) for HAL_GPIO_WritePin
    main.o(i.main) refers to stm32f4xx_hal_cortex.o(i.HAL_NVIC_SetPriority) for HAL_NVIC_SetPriority
    main.o(i.main) refers to stm32f4xx_hal_cortex.o(i.HAL_NVIC_EnableIRQ) for HAL_NVIC_EnableIRQ
    main.o(i.main) refers to stm32f4xx_hal_crc.o(i.HAL_CRC_Init) for HAL_CRC_Init
    main.o(i.main) refers to stm32f4xx_hal_i2s.o(i.HAL_I2S_Init) for HAL_I2S_Init
    main.o(i.main) refers to stm32f4xx_hal_sai.o(i.HAL_SAI_Init) for HAL_SAI_Init
    main.o(i.main) refers to stm32f4xx_hal_tim.o(i.HAL_TIM_Base_Init) for HAL_TIM_Base_Init
    main.o(i.main) refers to stm32f4xx_hal_tim.o(i.HAL_TIM_PWM_Init) for HAL_TIM_PWM_Init
    main.o(i.main) refers to stm32f4xx_hal_tim.o(i.HAL_TIM_SlaveConfigSynchro) for HAL_TIM_SlaveConfigSynchro
    main.o(i.main) refers to stm32f4xx_hal_tim_ex.o(i.HAL_TIMEx_MasterConfigSynchronization) for HAL_TIMEx_MasterConfigSynchronization
    main.o(i.main) refers to stm32f4xx_hal_tim.o(i.HAL_TIM_PWM_ConfigChannel) for HAL_TIM_PWM_ConfigChannel
    main.o(i.main) refers to stm32f4xx_hal_tim_ex.o(i.HAL_TIMEx_ConfigBreakDeadTime) for HAL_TIMEx_ConfigBreakDeadTime
    main.o(i.main) refers to stm32f4xx_hal_msp.o(i.HAL_TIM_MspPostInit) for HAL_TIM_MspPostInit
    main.o(i.main) refers to stm32f4xx_hal_tim.o(i.HAL_TIM_PWM_Start) for HAL_TIM_PWM_Start
[...]
    i.USB_EPStartXfer                        0x080078c4   Section        0  stm32f4xx_ll_usb.o(i.USB_EPStartXfer)
    i.USB_EnableGlobalInt                    0x08007b0e   Section        0  stm32f4xx_ll_usb.o(i.USB_EnableGlobalInt)
    i.USB_FlushRxFifo                        0x08007b1c   Section        0  stm32f4xx_ll_usb.o(i.USB_FlushRxFifo)
    i.USB_FlushTxFifo                        0x08007b40   Section        0  stm32f4xx_ll_usb.o(i.USB_FlushTxFifo)
    i.USB_GetDevSpeed                        0x08007b68   Section        0  stm32f4xx_ll_usb.o(i.USB_GetDevSpeed)
    i.USB_GetMode                            0x08007b80   Section        0  stm32f4xx_ll_usb.o(i.USB_GetMode)
    i.USB_ReadDevAllInEpInterrupt            0x08007b88   Section        0  stm32f4xx_ll_usb.o(i.USB_ReadDevAllInEpInterrupt)
    i.USB_ReadDevAllOutEpInterrupt           0x08007b96   Section        0  stm32f4xx_ll_usb.o(i.USB_ReadDevAllOutEpInterrupt)
    i.USB_ReadDevInEPInterrupt               0x08007ba4   Section        0  stm32f4xx_ll_usb.o(i.USB_ReadDevInEPInterrupt)
    i.USB_ReadDevOutEPInterrupt              0x08007bc8   Section        0  stm32f4xx_ll_usb.o(i.USB_ReadDevOutEPInterrupt)
    i.USB_ReadInterrupts                     0x08007bd8   Section        0  stm32f4xx_ll_usb.o(i.USB_ReadInterrupts)
    i.USB_ReadPacket                         0x08007be0   Section        0  stm32f4xx_ll_usb.o(i.USB_ReadPacket)
    i.USB_SetCurrentMode                     0x08007c20   Section        0  stm32f4xx_ll_usb.o(i.USB_SetCurrentMode)
    i.USB_SetDevAddress                      0x08007c50   Section        0  stm32f4xx_ll_usb.o(i.USB_SetDevAddress)
    i.USB_SetTurnaroundTime                  0x08007c74   Section        0  stm32f4xx_ll_usb.o(i.USB_SetTurnaroundTime)
    i.USB_WritePacket                        0x08007d58   Section        0  stm32f4xx_ll_usb.o(i.USB_WritePacket)
    i.UsageFault_Handler                     0x08007da8   Section        0  stm32f4xx_it.o(i.UsageFault_Handler)
    i.__ARM_fpclassifyf                      0x08007daa   Section        0  fpclassifyf.o(i.__ARM_fpclassifyf)
    i.__hardfp_powf                          0x08007dd0   Section        0  powf.o(i.__hardfp_powf)
    i.__hardfp_roundf                        0x08008434   Section        0  roundf.o(i.__hardfp_roundf)
    i.__mathlib_flt_divzero                  0x080084d0   Section        0  funder.o(i.__mathlib_flt_divzero)
    i.__mathlib_flt_infnan2                  0x080084e4   Section        0  funder.o(i.__mathlib_flt_infnan2)
    i.__mathlib_flt_invalid                  0x080084ec   Section        0  funder.o(i.__mathlib_flt_invalid)
    i.__mathlib_flt_overflow                 0x080084fc   Section        0  funder.o(i.__mathlib_flt_overflow)
    i.__mathlib_flt_underflow                0x0800850c   Section        0  funder.o(i.__mathlib_flt_underflow)
    i.__scatterload_copy                     0x0800851c   Section       14  handlers.o(i.__scatterload_copy)
    i.__scatterload_null                     0x0800852a   Section        2  handlers.o(i.__scatterload_null)
    i.__scatterload_zeroinit                 0x0800852c   Section       14  handlers.o(i.__scatterload_zeroinit)
    i.__set_errno                            0x0800853c   Section        0  errno.o(i.__set_errno)
    i.init_in_parameter                      0x08008548   Section        0  usbd_audio.o(i.init_in_parameter)
    i.init_out_parameter                     0x08008580   Section        0  usbd_audio.o(i.init_out_parameter)
    i.main                                   0x080085ac   Section        0  main.o(i.main)
    .constdata                               0x08008928   Section        8  stm32f4xx_hal_dma.o(.constdata)
    flagBitshiftOffset                       0x08008928   Data           8  stm32f4xx_hal_dma.o(.constdata)
    .constdata                               0x08008930   Section       16  system_stm32f4xx.o(.constdata)
    .constdata                               0x08008940   Section      320  powf.o(.constdata)
    table                                    0x08008940   Data         128  powf.o(.constdata)
    powersof2to1over16top                    0x080089c0   Data          64  powf.o(.constdata)
    powersof2to1over16bot                    0x08008a00   Data          64  powf.o(.constdata)
    powersof2to1over16all                    0x08008a40   Data          64  powf.o(.constdata)
    .data                                    0x20000000   Section        2  main.o(.data)
    .data                                    0x20000002   Section        2  main.o(.data)
    .data                                    0x20000004   Section        2  main.o(.data)
    .data                                    0x20000006   Section        2  main.o(.data)
    .data                                    0x20000008   Section       92  main.o(.data)
    .data                                    0x20000064   Section        4  main.o(.data)
    .data                                    0x20000068   Section        4  main.o(.data)
    .data                                    0x2000006c   Section        2  main.o(.data)
    .data                                    0x20000070   Section        4  main.o(.data)
    .data                                    0x20000074   Section        2  main.o(.data)
    .data                                    0x20000076   Section        3  main.o(.data)
    .data                                    0x2000007c   Section        4  main.o(.data)
    .data                                    0x20000080   Section        2  main.o(.data)
    .data                                    0x20000082   Section        2  main.o(.data)
    .data                                    0x20000084   Section      256  pdm2pcm.o(.data)
    .data                                    0x20000184   Section       28  usbd_desc.o(.data)
    .data                                    0x200001a0   Section       50  usbd_desc.o(.data)
    .data                                    0x200001d4   Section       28  usbd_audio_if.o(.data)
    .data                                    0x200001f0   Section        4  stm32f4xx_hal_msp.o(.data)
    SAI1_client                              0x200001f0   Data           4  stm32f4xx_hal_msp.o(.data)
    .data                                    0x200001f4   Section       12  stm32f4xx_hal.o(.data)
    .data                                    0x20000200   Section        4  system_stm32f4xx.o(.data)
    .data                                    0x20000204   Section        1  usbd_ctlreq.o(.data)
    cfgidx                                   0x20000204   Data           1  usbd_ctlreq.o(.data)
    .data                                    0x20000208   Section      230  usbd_audio.o(.data)
    USBD_AUDIO_CfgDesc                       0x20000218   Data         203  usbd_audio.o(.data)
    USBD_AUDIO_DeviceQualifierDesc           0x200002e4   Data          10  usbd_audio.o(.data)
    .data                                    0x200002f0   Section       56  usbd_audio.o(.data)
    .data                                    0x20000328   Section     1028  pdm_filter.o(.data)
    LT_Initialization                        0x20000328   Data           1  pdm_filter.o(.data)
    T_0_1_2                                  0x2000032c   Data        1024  pdm_filter.o(.data)
    .data                                    0x2000072c   Section        4  errno.o(.data)
    _errno                                   0x2000072c   Data           4  errno.o(.data)
    .bss                                     0x20000730   Section    100944  main.o(.bss)
    .bss                                     0x20019180   Section       96  main.o(.bss)
    .bss                                     0x200191e0   Section       96  main.o(.bss)
    .bss                                     0x20019240   Section      480  main.o(.bss)
    .bss                                     0x20019420   Section      400  main.o(.bss)
    .bss                                     0x200195b0   Section      400  main.o(.bss)
    .bss                                     0x20019740   Section      480  main.o(.bss)
    .bss                                     0x20019920   Section      256  main.o(.bss)
    .bss                                     0x20019a20   Section     1188  pdm2pcm.o(.bss)
    .bss                                     0x20019ec4   Section      668  usb_device.o(.bss)
    .bss                                     0x2001a160   Section     1032  usbd_conf.o(.bss)
    .bss                                     0x2001a568   Section      512  usbd_desc.o(.bss)
    .bss                                     0x2001a768   Section       72  usbd_audio.o(.bss)
    STACK                                    0x2001a7b0   Section     1024  startup_stm32f446xx.o(STACK)

    Global Symbols

    Symbol Name                              Value     Ov Type        Size  Object(Section)

    BuildAttributes$$THM_ISAv4$E$P$D$K$B$S$7EM$VFPi3$EXTD16$VFPS$VFMA$PE$A:L22UL41UL21$X:L11$S22US41US21$IEEE1$IW$USESV6$~STKCKD$USESV7$~SHL$OTIME$ROPI$IEEEX$EBA8$MICROLIB$REQ8$PRES8$EABIv2 0x00000000   Number         0  anon$$obj.o ABSOLUTE
    __ARM_use_no_argv                        0x00000000   Number         0  main.o ABSOLUTE
    __arm_fini_                               - Undefined Weak Reference
    __cpp_initialize__aeabi_                  - Undefined Weak Reference
    __cxa_finalize                            - Undefined Weak Reference
    _clock_init                               - Undefined Weak Reference
    _microlib_exit                            - Undefined Weak Reference
    __Vectors_Size                           0x000001c4   Number         0  startup_stm32f446xx.o ABSOLUTE
    __Vectors                                0x08000000   Data           4  startup_stm32f446xx.o(RESET)
    __Vectors_End                            0x080001c4   Data           0  startup_stm32f446xx.o(RESET)
    __main                                   0x080001c5   Thumb Code     0  entry.o(.ARM.Collect$$$$00000000)
    _main_stk                                0x080001c5   Thumb Code     0  entry2.o(.ARM.Collect$$$$00000001)
    _main_scatterload                        0x080001c9   Thumb Code     0  entry5.o(.ARM.Collect$$$$00000004)
    __main_after_scatterload                 0x080001cd   Thumb Code     0  entry5.o(.ARM.Collect$$$$00000004)
    _main_clock                              0x080001cd   Thumb Code     0  entry7b.o(.ARM.Collect$$$$00000008)
    _main_cpp_init                           0x080001cd   Thumb Code     0  entry8b.o(.ARM.Collect$$$$0000000A)
    _main_init                               0x080001cd   Thumb Code     0  entry9a.o(.ARM.Collect$$$$0000000B)
    __rt_lib_shutdown_fini                   0x080001d5   Thumb Code     0  entry12b.o(.ARM.Collect$$$$0000000E)
    __rt_final_cpp                           0x080001d9   Thumb Code     0  entry10a.o(.ARM.Collect$$$$0000000F)
    __rt_final_exit                          0x080001d9   Thumb Code     0  entry11a.o(.ARM.Collect$$$$00000011)
    __asm___12_pdm_filter_c_5676b99f____REV16 0x080001dd   Thumb Code     4  pdm_filter.o(.rev16_text)
    Reset_Handler                            0x080001e1   Thumb Code     8  startup_stm32f446xx.o(.text)
    ADC_IRQHandler                           0x080001fb   Thumb Code     0  startup_stm32f446xx.o(.text)
    CAN1_RX0_IRQHandler                      0x080001fb   Thumb Code     0  startup_stm32f446xx.o(.text)
    CAN1_RX1_IRQHandler                      0x080001fb   Thumb Code     0  startup_stm32f446xx.o(.text)
    CAN1_SCE_IRQHandler                      0x080001fb   Thumb Code     0  startup_stm32f446xx.o(.text)
    CAN1_TX_IRQHandler                       0x080001fb   Thumb Code     0  startup_stm32f446xx.o(.text)
    CAN2_RX0_IRQHandler                      0x080001fb   Thumb Code     0  startup_stm32f446xx.o(.text)
    CAN2_RX1_IRQHandler                      0x080001fb   Thumb Code     0  startup_stm32f446xx.o(.text)
    CAN2_SCE_IRQHandler                      0x080001fb   Thumb Code     0  startup_stm32f446xx.o(.text)
    CAN2_TX_IRQHandler                       0x080001fb   Thumb Code     0  startup_stm32f446xx.o(.text)
    CEC_IRQHandler                           0x080001fb   Thumb Code     0  startup_stm32f446xx.o(.text)
    DCMI_IRQHandler                          0x080001fb   Thumb Code     0  startup_stm32f446xx.o(.text)
    DMA1_Stream0_IRQHandler                  0x080001fb   Thumb Code     0  startup_stm32f446xx.o(.text)
    DMA1_Stream1_IRQHandler                  0x080001fb   Thumb Code     0  startup_stm32f446xx.o(.text)
    DMA1_Stream2_IRQHandler                  0x080001fb   Thumb Code     0  startup_stm32f446xx.o(.text)
    DMA1_Stream3_IRQHandler                  0x080001fb   Thumb Code     0  startup_stm32f446xx.o(.text)
    DMA1_Stream5_IRQHandler                  0x080001fb   Thumb Code     0  startup_stm32f446xx.o(.text)
    DMA1_Stream6_IRQHandler                  0x080001fb   Thumb Code     0  startup_stm32f446xx.o(.text)
    DMA1_Stream7_IRQHandler                  0x080001fb   Thumb Code     0  startup_stm32f446xx.o(.text)
    DMA2_Stream0_IRQHandler                  0x080001fb   Thumb Code     0  startup_stm32f446xx.o(.text)
    DMA2_Stream2_IRQHandler                  0x080001fb   Thumb Code     0  startup_stm32f446xx.o(.text)
    DMA2_Stream3_IRQHandler                  0x080001fb   Thumb Code     0  startup_stm32f446xx.o(.text)
    DMA2_Stream4_IRQHandler                  0x080001fb   Thumb Code     0  startup_stm32f446xx.o(.text)
    DMA2_Stream5_IRQHandler                  0x080001fb   Thumb Code     0  startup_stm32f446xx.o(.text)
    DMA2_Stream6_IRQHandler                  0x080001fb   Thumb Code     0  startup_stm32f446xx.o(.text)
    DMA2_Stream7_IRQHandler                  0x080001fb   Thumb Code     0  startup_stm32f446xx.o(.text)
    EXTI0_IRQHandler                         0x080001fb   Thumb Code     0  startup_stm32f446xx.o(.text)
    EXTI15_10_IRQHandler                     0x080001fb   Thumb Code     0  startup_stm32f446xx.o(.text)
    EXTI1_IRQHandler                         0x080001fb   Thumb Code     0  startup_stm32f446xx.o(.text)
    EXTI2_IRQHandler                         0x080001fb   Thumb Code     0  startup_stm32f446xx.o(.text)
    EXTI3_IRQHandler                         0x080001fb   Thumb Code     0  startup_stm32f446xx.o(.text)
    EXTI4_IRQHandler                         0x080001fb   Thumb Code     0  startup_stm32f446xx.o(.text)
    EXTI9_5_IRQHandler                       0x080001fb   Thumb Code     0  startup_stm32f446xx.o(.text)
    FLASH_IRQHandler                         0x080001fb   Thumb Code     0  startup_stm32f446xx.o(.text)
    FMC_IRQHandler                           0x080001fb   Thumb Code     0  startup_stm32f446xx.o(.text)
    FMPI2C1_ER_IRQHandler                    0x080001fb   Thumb Code     0  startup_stm32f446xx.o(.text)
    FMPI2C1_EV_IRQHandler                    0x080001fb   Thumb Code     0  startup_stm32f446xx.o(.text)
    FPU_IRQHandler                           0x080001fb   Thumb Code     0  startup_stm32f446xx.o(.text)
    I2C1_ER_IRQHandler                       0x080001fb   Thumb Code     0  startup_stm32f446xx.o(.text)
    I2C1_EV_IRQHandler                       0x080001fb   Thumb Code     0  startup_stm32f446xx.o(.text)
    I2C2_ER_IRQHandler                       0x080001fb   Thumb Code     0  startup_stm32f446xx.o(.text)
    I2C2_EV_IRQHandler                       0x080001fb   Thumb Code     0  startup_stm32f446xx.o(.text)
    I2C3_ER_IRQHandler                       0x080001fb   Thumb Code     0  startup_stm32f446xx.o(.text)
    I2C3_EV_IRQHandler                       0x080001fb   Thumb Code     0  startup_stm32f446xx.o(.text)
    OTG_FS_IRQHandler                        0x080001fb   Thumb Code     0  startup_stm32f446xx.o(.text)
    OTG_FS_WKUP_IRQHandler                   0x080001fb   Thumb Code     0  startup_stm32f446xx.o(.text)
    OTG_HS_EP1_IN_IRQHandler                 0x080001fb   Thumb Code     0  startup_stm32f446xx.o(.text)
    OTG_HS_EP1_OUT_IRQHandler                0x080001fb   Thumb Code     0  startup_stm32f446xx.o(.text)
    OTG_HS_WKUP_IRQHandler                   0x080001fb   Thumb Code     0  startup_stm32f446xx.o(.text)
    PVD_IRQHandler                           0x080001fb   Thumb Code     0  startup_stm32f446xx.o(.text)
    QUADSPI_IRQHandler                       0x080001fb   Thumb Code     0  startup_stm32f446xx.o(.text)
    RCC_IRQHandler                           0x080001fb   Thumb Code     0  startup_stm32f446xx.o(.text)
    RTC_Alarm_IRQHandler                     0x080001fb   Thumb Code     0  startup_stm32f446xx.o(.text)
    RTC_WKUP_IRQHandler                      0x080001fb   Thumb Code     0  startup_stm32f446xx.o(.text)
    SAI1_IRQHandler                          0x080001fb   Thumb Code     0  startup_stm32f446xx.o(.text)
    SAI2_IRQHandler                          0x080001fb   Thumb Code     0  startup_stm32f446xx.o(.text)
    SDIO_IRQHandler                          0x080001fb   Thumb Code     0  startup_stm32f446xx.o(.text)
    SPDIF_RX_IRQHandler                      0x080001fb   Thumb Code     0  startup_stm32f446xx.o(.text)
    SPI1_IRQHandler                          0x080001fb   Thumb Code     0  startup_stm32f446xx.o(.text)
    SPI2_IRQHandler                          0x080001fb   Thumb Code     0  startup_stm32f446xx.o(.text)
    SPI3_IRQHandler                          0x080001fb   Thumb Code     0  startup_stm32f446xx.o(.text)
    SPI4_IRQHandler                          0x080001fb   Thumb Code     0  startup_stm32f446xx.o(.text)
    TAMP_STAMP_IRQHandler                    0x080001fb   Thumb Code     0  startup_stm32f446xx.o(.text)
    TIM1_BRK_TIM9_IRQHandler                 0x080001fb   Thumb Code     0  startup_stm32f446xx.o(.text)
    TIM1_CC_IRQHandler                       0x080001fb   Thumb Code     0  startup_stm32f446xx.o(.text)
    TIM1_TRG_COM_TIM11_IRQHandler            0x080001fb   Thumb Code     0  startup_stm32f446xx.o(.text)
    TIM1_UP_TIM10_IRQHandler                 0x080001fb   Thumb Code     0  startup_stm32f446xx.o(.text)
    TIM2_IRQHandler                          0x080001fb   Thumb Code     0  startup_stm32f446xx.o(.text)
    TIM3_IRQHandler                          0x080001fb   Thumb Code     0  startup_stm32f446xx.o(.text)
    TIM4_IRQHandler                          0x080001fb   Thumb Code     0  startup_stm32f446xx.o(.text)
    TIM5_IRQHandler                          0x080001fb   Thumb Code     0  startup_stm32f446xx.o(.text)
    TIM6_DAC_IRQHandler                      0x080001fb   Thumb Code     0  startup_stm32f446xx.o(.text)
    TIM7_IRQHandler                          0x080001fb   Thumb Code     0  startup_stm32f446xx.o(.text)
    TIM8_BRK_TIM12_IRQHandler                0x080001fb   Thumb Code     0  startup_stm32f446xx.o(.text)
    TIM8_CC_IRQHandler                       0x080001fb   Thumb Code     0  startup_stm32f446xx.o(.text)
    TIM8_TRG_COM_TIM14_IRQHandler            0x080001fb   Thumb Code     0  startup_stm32f446xx.o(.text)
    TIM8_UP_TIM13_IRQHandler                 0x080001fb   Thumb Code     0  startup_stm32f446xx.o(.text)
    UART4_IRQHandler                         0x080001fb   Thumb Code     0  startup_stm32f446xx.o(.text)
    UART5_IRQHandler                         0x080001fb   Thumb Code     0  startup_stm32f446xx.o(.text)
    USART1_IRQHandler                        0x080001fb   Thumb Code     0  startup_stm32f446xx.o(.text)
    USART2_IRQHandler                        0x080001fb   Thumb Code     0  startup_stm32f446xx.o(.text)
    USART3_IRQHandler                        0x080001fb   Thumb Code     0  startup_stm32f446xx.o(.text)
    USART6_IRQHandler                        0x080001fb   Thumb Code     0  startup_stm32f446xx.o(.text)
    WWDG_IRQHandler                          0x080001fb   Thumb Code     0  startup_stm32f446xx.o(.text)
    __aeabi_uldivmod                         0x08000205   Thumb Code    98  uldiv.o(.text)
    __aeabi_memset                           0x08000267   Thumb Code    14  memseta.o(.text)
    __aeabi_memset4                          0x08000267   Thumb Code     0  memseta.o(.text)
    __aeabi_memset8                          0x08000267   Thumb Code     0  memseta.o(.text)
    __aeabi_memclr                           0x08000275   Thumb Code     4  memseta.o(.text)
    __aeabi_memclr4                          0x08000275   Thumb Code     0  memseta.o(.text)
    __aeabi_memclr8                          0x08000275   Thumb Code     0  memseta.o(.text)
    _memset$wrapper                          0x08000279   Thumb Code    18  memseta.o(.text)
    __aeabi_llsl                             0x0800028b   Thumb Code    30  llshl.o(.text)
    _ll_shift_l                              0x0800028b   Thumb Code     0  llshl.o(.text)
    __aeabi_llsr                             0x080002a9   Thumb Code    32  llushr.o(.text)
    _ll_ushift_r                             0x080002a9   Thumb Code     0  llushr.o(.text)
    __I$use$fp                               0x080002c9   Thumb Code     0  iusefp.o(.text)
    _frnd                                    0x080002c9   Thumb Code    60  frnd.o(.text)
    __fp_status                              0x08000305   Thumb Code     4  fpstat.o(.text)
    __ieee_status                            0x08000305   Thumb Code     0  fpstat.o(.text)
    __scatterload                            0x08000309   Thumb Code    28  init.o(.text)
    __scatterload_rt2                        0x08000309   Thumb Code     0  init.o(.text)
    _float_round                             0x0800032d   Thumb Code    18  fepilogue.o(.text)
    _float_epilogue                          0x0800033f   Thumb Code    92  fepilogue.o(.text)
    __decompress                             0x0800039b   Thumb Code     0  __dclz77c.o(.text)
    __decompress2                            0x0800039b   Thumb Code    94  __dclz77c.o(.text)
    BusFault_Handler                         0x08000415   Thumb Code     2  stm32f4xx_it.o(i.BusFault_Handler)
    CRC_Lock                                 0x08000419   Thumb Code    82  stm32_crc_lock.o(i.CRC_Lock)
    DMA1_Stream4_IRQHandler                  0x08002231   Thumb Code     6  stm32f4xx_it.o(i.DMA1_Stream4_IRQHandler)
    DMA2_Stream1_IRQHandler                  0x0800223d   Thumb Code     6  stm32f4xx_it.o(i.DMA2_Stream1_IRQHandler)
    DebugMon_Handler                         0x08002249   Thumb Code     2  stm32f4xx_it.o(i.DebugMon_Handler)
    Error_Handler                            0x0800224b   Thumb Code     2  main.o(i.Error_Handler)
    HAL_CRC_Init                             0x0800224d   Thumb Code    34  stm32f4xx_hal_crc.o(i.HAL_CRC_Init)
    HAL_CRC_MspInit                          0x08002271   Thumb Code    40  stm32f4xx_hal_msp.o(i.HAL_CRC_MspInit)
    HAL_DMA_IRQHandler                       0x0800229d   Thumb Code   130  stm32f4xx_hal_dma.o(i.HAL_DMA_IRQHandler)
    HAL_DMA_Init                             0x08002321   Thumb Code   334  stm32f4xx_hal_dma.o(i.HAL_DMA_Init)
    HAL_DMA_Start_IT                         0x0800247d   Thumb Code   146  stm32f4xx_hal_dma.o(i.HAL_DMA_Start_IT)
    HAL_Delay                                0x08002511   Thumb Code    34  stm32f4xx_hal.o(i.HAL_Delay)
    HAL_GPIO_Init                            0x08002539   Thumb Code   538  stm32f4xx_hal_gpio.o(i.HAL_GPIO_Init)
    HAL_GPIO_ReadPin                         0x08002769   Thumb Code    10  stm32f4xx_hal_gpio.o(i.HAL_GPIO_ReadPin)
    HAL_GPIO_WritePin                        0x08002773   Thumb Code    10  stm32f4xx_hal_gpio.o(i.HAL_GPIO_WritePin)
    HAL_GetTick                              0x0800277d   Thumb Code     6  stm32f4xx_hal.o(i.HAL_GetTick)
    HAL_I2S_ErrorCallback                    0x08002789   Thumb Code     2  stm32f4xx_hal_i2s.o(i.HAL_I2S_ErrorCallback)
    HAL_I2S_Init                             0x0800278d   Thumb Code   304  stm32f4xx_hal_i2s.o(i.HAL_I2S_Init)
    HAL_I2S_MspInit                          0x080028c5   Thumb Code   232  stm32f4xx_hal_msp.o(i.HAL_I2S_MspInit)
    HAL_I2S_RxCpltCallback                   0x080029c9   Thumb Code     2  stm32f4xx_hal_i2s.o(i.HAL_I2S_RxCpltCallback)
    HAL_I2S_Transmit_DMA                     0x080029cd   Thumb Code    72  stm32f4xx_hal_i2s.o(i.HAL_I2S_Transmit_DMA)
    HAL_I2S_TxCpltCallback                   0x08002a19   Thumb Code   198  main.o(i.HAL_I2S_TxCpltCallback)
    HAL_IncTick                              0x08002af5   Thumb Code    12  stm32f4xx_hal.o(i.HAL_IncTick)
    HAL_Init                                 0x08002b05   Thumb Code    48  stm32f4xx_hal.o(i.HAL_Init)
    HAL_InitTick                             0x08002b39   Thumb Code    54  stm32f4xx_hal.o(i.HAL_InitTick)
    HAL_MspInit                              0x08002b79   Thumb Code    42  stm32f4xx_hal_msp.o(i.HAL_MspInit)
    HAL_NVIC_DisableIRQ                      0x08002bad   Thumb Code    38  stm32f4xx_hal_cortex.o(i.HAL_NVIC_DisableIRQ)
    HAL_NVIC_EnableIRQ                       0x08002bd3   Thumb Code    30  stm32f4xx_hal_cortex.o(i.HAL_NVIC_EnableIRQ)
    HAL_NVIC_SetPriority                     0x08002bf1   Thumb Code    96  stm32f4xx_hal_cortex.o(i.HAL_NVIC_SetPriority)
    HAL_NVIC_SetPriorityGrouping             0x08002c55   Thumb Code    30  stm32f4xx_hal_cortex.o(i.HAL_NVIC_SetPriorityGrouping)
    HAL_PCDEx_ActivateLPM                    0x08002c79   Thumb Code    38  stm32f4xx_hal_pcd_ex.o(i.HAL_PCDEx_ActivateLPM)
    HAL_PCDEx_LPM_Callback                   0x08002ca1   Thumb Code    96  usbd_conf.o(i.HAL_PCDEx_LPM_Callback)
    HAL_PCDEx_SetRxFiFo                      0x08002d05   Thumb Code     8  stm32f4xx_hal_pcd_ex.o(i.HAL_PCDEx_SetRxFiFo)
    HAL_PCDEx_SetTxFiFo                      0x08002d0d   Thumb Code    78  stm32f4xx_hal_pcd_ex.o(i.HAL_PCDEx_SetTxFiFo)
    HAL_PCD_ConnectCallback                  0x08002d5b   Thumb Code     8  usbd_conf.o(i.HAL_PCD_ConnectCallback)
    HAL_PCD_DataInStageCallback              0x08002d63   Thumb Code    18  usbd_conf.o(i.HAL_PCD_DataInStageCallback)
    HAL_PCD_DataOutStageCallback             0x08002d75   Thumb Code    20  usbd_conf.o(i.HAL_PCD_DataOutStageCallback)
    HAL_PCD_DisconnectCallback               0x08002d89   Thumb Code     8  usbd_conf.o(i.HAL_PCD_DisconnectCallback)
    HAL_PCD_EP_Close                         0x08002d91   Thumb Code    78  stm32f4xx_hal_pcd.o(i.HAL_PCD_EP_Close)
    HAL_PCD_EP_ClrStall                      0x08002ddf   Thumb Code    94  stm32f4xx_hal_pcd.o(i.HAL_PCD_EP_ClrStall)
    HAL_PCD_EP_Flush                         0x08002e3d   Thumb Code    54  stm32f4xx_hal_pcd.o(i.HAL_PCD_EP_Flush)
    HAL_PCD_EP_GetRxCount                    0x08002e73   Thumb Code    18  stm32f4xx_hal_pcd.o(i.HAL_PCD_EP_GetRxCount)
    HAL_PCD_EP_Open                          0x08002e85   Thumb Code    94  stm32f4xx_hal_pcd.o(i.HAL_PCD_EP_Open)
    HAL_PCD_EP_Receive                       0x08002ee3   Thumb Code    74  stm32f4xx_hal_pcd.o(i.HAL_PCD_EP_Receive)
    HAL_PCD_EP_SetStall                      0x08002f2d   Thumb Code   114  stm32f4xx_hal_pcd.o(i.HAL_PCD_EP_SetStall)
    HAL_PCD_EP_Transmit                      0x08002f9f   Thumb Code    66  stm32f4xx_hal_pcd.o(i.HAL_PCD_EP_Transmit)
    HAL_PCD_IRQHandler                       0x08002fe1   Thumb Code  1748  stm32f4xx_hal_pcd.o(i.HAL_PCD_IRQHandler)
    HAL_PCD_ISOINIncompleteCallback          0x080036b5   Thumb Code     8  usbd_conf.o(i.HAL_PCD_ISOINIncompleteCallback)
    HAL_PCD_ISOOUTIncompleteCallback         0x080036bd   Thumb Code     8  usbd_conf.o(i.HAL_PCD_ISOOUTIncompleteCallback)
    HAL_PCD_Init                             0x080036c5   Thumb Code   282  stm32f4xx_hal_pcd.o(i.HAL_PCD_Init)
    HAL_PCD_MspInit                          0x080037e1   Thumb Code   112  usbd_conf.o(i.HAL_PCD_MspInit)
    HAL_PCD_ResetCallback                    0x08003859   Thumb Code    46  usbd_conf.o(i.HAL_PCD_ResetCallback)
    HAL_PCD_ResumeCallback                   0x08003887   Thumb Code     8  usbd_conf.o(i.HAL_PCD_ResumeCallback)
    HAL_PCD_SOFCallback                      0x0800388f   Thumb Code     8  usbd_conf.o(i.HAL_PCD_SOFCallback)
    HAL_PCD_SetAddress                       0x08003897   Thumb Code    40  stm32f4xx_hal_pcd.o(i.HAL_PCD_SetAddress)
    HAL_PCD_SetupStageCallback               0x080038bf   Thumb Code    14  usbd_conf.o(i.HAL_PCD_SetupStageCallback)
    HAL_PCD_Start                            0x080038cd   Thumb Code    64  stm32f4xx_hal_pcd.o(i.HAL_PCD_Start)
    HAL_PCD_SuspendCallback                  0x0800390d   Thumb Code    46  usbd_conf.o(i.HAL_PCD_SuspendCallback)
    HAL_PWREx_EnableOverDrive                0x08003941   Thumb Code   108  stm32f4xx_hal_pwr_ex.o(i.HAL_PWREx_EnableOverDrive)
    HAL_RCCEx_GetPeriphCLKFreq               0x080039b9   Thumb Code   506  stm32f4xx_hal_rcc_ex.o(i.HAL_RCCEx_GetPeriphCLKFreq)
    HAL_RCCEx_PeriphCLKConfig                0x08003bcd   Thumb Code  1196  stm32f4xx_hal_rcc_ex.o(i.HAL_RCCEx_PeriphCLKConfig)
    HAL_RCC_ClockConfig                      0x08004079   Thumb Code   324  stm32f4xx_hal_rcc.o(i.HAL_RCC_ClockConfig)
    HAL_RCC_GetHCLKFreq                      0x080041d5   Thumb Code     6  stm32f4xx_hal_rcc.o(i.HAL_RCC_GetHCLKFreq)
    HAL_RCC_GetSysClockFreq                  0x080041e1   Thumb Code   158  stm32f4xx_hal_rcc_ex.o(i.HAL_RCC_GetSysClockFreq)
    HAL_RCC_OscConfig                        0x08004291   Thumb Code   932  stm32f4xx_hal_rcc_ex.o(i.HAL_RCC_OscConfig)
    HAL_SAI_Init                             0x08004659   Thumb Code   400  stm32f4xx_hal_sai.o(i.HAL_SAI_Init)
    HAL_SAI_MspInit                          0x080047f5   Thumb Code   172  stm32f4xx_hal_msp.o(i.HAL_SAI_MspInit)
    HAL_SAI_Receive_DMA                      0x080048c1   Thumb Code    86  stm32f4xx_hal_sai.o(i.HAL_SAI_Receive_DMA)
    HAL_SAI_RxCpltCallback                   0x0800491d   Thumb Code   174  main.o(i.HAL_SAI_RxCpltCallback)
    HAL_SYSTICK_Config                       0x080049e5   Thumb Code    38  stm32f4xx_hal_cortex.o(i.HAL_SYSTICK_Config)
    HAL_TIMEx_ConfigBreakDeadTime            0x08004a11   Thumb Code    82  stm32f4xx_hal_tim_ex.o(i.HAL_TIMEx_ConfigBreakDeadTime)
    HAL_TIMEx_MasterConfigSynchronization    0x08004a63   Thumb Code   150  stm32f4xx_hal_tim_ex.o(i.HAL_TIMEx_MasterConfigSynchronization)
    HAL_TIM_Base_Init                        0x08004af9   Thumb Code    54  stm32f4xx_hal_tim.o(i.HAL_TIM_Base_Init)
    HAL_TIM_Base_MspInit                     0x08004b31   Thumb Code    92  stm32f4xx_hal_msp.o(i.HAL_TIM_Base_MspInit)
    HAL_TIM_MspPostInit                      0x08004b99   Thumb Code    74  stm32f4xx_hal_msp.o(i.HAL_TIM_MspPostInit)
    HAL_TIM_PWM_ConfigChannel                0x08004bed   Thumb Code   584  stm32f4xx_hal_tim.o(i.HAL_TIM_PWM_ConfigChannel)
    HAL_TIM_PWM_Init                         0x08004e3d   Thumb Code    54  stm32f4xx_hal_tim.o(i.HAL_TIM_PWM_Init)
    HAL_TIM_PWM_MspInit                      0x08004e73   Thumb Code     2  stm32f4xx_hal_tim.o(i.HAL_TIM_PWM_MspInit)
    HAL_TIM_PWM_Start                        0x08004e75   Thumb Code    76  stm32f4xx_hal_tim.o(i.HAL_TIM_PWM_Start)
    HAL_TIM_SlaveConfigSynchro               0x08004ec1   Thumb Code    86  stm32f4xx_hal_tim.o(i.HAL_TIM_SlaveConfigSynchro)
    HardFault_Handler                        0x08004f17   Thumb Code     2  stm32f4xx_it.o(i.HardFault_Handler)
    MX_PDM2PCM_Init                          0x0800504d   Thumb Code    10  pdm2pcm.o(i.MX_PDM2PCM_Init)
    MX_USB_DEVICE_Init                       0x0800505d   Thumb Code    72  usb_device.o(i.MX_USB_DEVICE_Init)
    MemManage_Handler                        0x080050b5   Thumb Code     2  stm32f4xx_it.o(i.MemManage_Handler)
    NMI_Handler                              0x080050b7   Thumb Code     2  stm32f4xx_it.o(i.NMI_Handler)
    OTG_HS_IRQHandler                        0x080050b9   Thumb Code     6  stm32f4xx_it.o(i.OTG_HS_IRQHandler)
    PDMDecoder_Init                          0x080050c5   Thumb Code   138  pdm2pcm.o(i.PDMDecoder_Init)
    PDM_Filter                               0x0800515d   Thumb Code    40  pdm_filter.o(i.PDM_Filter)
    PDM_Filter_Init                          0x08005189   Thumb Code   280  pdm_filter.o(i.PDM_Filter_Init)
    PDM_Filter_setConfig                     0x080052b5   Thumb Code   442  pdm_filter.o(i.PDM_Filter_setConfig)
    PDM_To_PCM                               0x080054c5   Thumb Code   128  pdm2pcm.o(i.PDM_To_PCM)
    PendSV_Handler                           0x08005551   Thumb Code     2  stm32f4xx_it.o(i.PendSV_Handler)
    SAI_BlockSynchroConfig                   0x08005555   Thumb Code    50  stm32f4xx_hal_sai_ex.o(i.SAI_BlockSynchroConfig)
    SAI_GetInputClock                        0x0800561d   Thumb Code    28  stm32f4xx_hal_sai_ex.o(i.SAI_GetInputClock)
    SVC_Handler                              0x08005673   Thumb Code     2  stm32f4xx_it.o(i.SVC_Handler)
    SysTick_Handler                          0x08005675   Thumb Code     4  stm32f4xx_it.o(i.SysTick_Handler)
    SystemClock_Config                       0x08005679   Thumb Code   198  main.o(i.SystemClock_Config)
    SystemInit                               0x08005749   Thumb Code    20  system_stm32f4xx.o(i.SystemInit)
    TIM_Base_SetConfig                       0x08005765   Thumb Code   184  stm32f4xx_hal_tim.o(i.TIM_Base_SetConfig)
    USBD_AUDIO_RegisterInterface             0x080061e1   Thumb Code    12  usbd_audio.o(i.USBD_AUDIO_RegisterInterface)
    USBD_ClrClassConfig                      0x08006689   Thumb Code    14  usbd_core.o(i.USBD_ClrClassConfig)
    USBD_CtlContinueRx                       0x08006697   Thumb Code    16  usbd_ioreq.o(i.USBD_CtlContinueRx)
    USBD_CtlContinueSendData                 0x080066a7   Thumb Code    16  usbd_ioreq.o(i.USBD_CtlContinueSendData)
    USBD_CtlError                            0x080066b7   Thumb Code    22  usbd_ctlreq.o(i.USBD_CtlError)
    USBD_CtlPrepareRx                        0x080066cd   Thumb Code    30  usbd_ioreq.o(i.USBD_CtlPrepareRx)
    USBD_CtlReceiveStatus                    0x080066eb   Thumb Code    22  usbd_ioreq.o(i.USBD_CtlReceiveStatus)
    USBD_CtlSendData                         0x08006701   Thumb Code    26  usbd_ioreq.o(i.USBD_CtlSendData)
    USBD_CtlSendStatus                       0x0800671b   Thumb Code    22  usbd_ioreq.o(i.USBD_CtlSendStatus)
    USBD_GetString                           0x08006731   Thumb Code   104  usbd_ctlreq.o(i.USBD_GetString)
    USBD_HS_ConfigStrDescriptor              0x08006799   Thumb Code    16  usbd_desc.o(i.USBD_HS_ConfigStrDescriptor)
    USBD_HS_DeviceDescriptor                 0x080067c1   Thumb Code     8  usbd_desc.o(i.USBD_HS_DeviceDescriptor)
    USBD_HS_InterfaceStrDescriptor           0x080067cd   Thumb Code    16  usbd_desc.o(i.USBD_HS_InterfaceStrDescriptor)
    USBD_HS_LangIDStrDescriptor              0x080067f5   Thumb Code     8  usbd_desc.o(i.USBD_HS_LangIDStrDescriptor)
    USBD_HS_ManufacturerStrDescriptor        0x08006801   Thumb Code    16  usbd_desc.o(i.USBD_HS_ManufacturerStrDescriptor)
    USBD_HS_ProductStrDescriptor             0x08006821   Thumb Code    16  usbd_desc.o(i.USBD_HS_ProductStrDescriptor)
    USBD_HS_SerialStrDescriptor              0x08006851   Thumb Code   116  usbd_desc.o(i.USBD_HS_SerialStrDescriptor)
    USBD_Init                                0x080068d5   Thumb Code    48  usbd_core.o(i.USBD_Init)
    USBD_LL_ClearStallEP                     0x08006905   Thumb Code    36  usbd_conf.o(i.USBD_LL_ClearStallEP)
    USBD_LL_CloseEP                          0x08006929   Thumb Code    36  usbd_conf.o(i.USBD_LL_CloseEP)
    USBD_LL_DataInStage                      0x0800694d   Thumb Code   206  usbd_core.o(i.USBD_LL_DataInStage)
    USBD_LL_DataOutStage                     0x08006a1b   Thumb Code   132  usbd_core.o(i.USBD_LL_DataOutStage)
    USBD_LL_DevConnected                     0x08006a9f   Thumb Code     4  usbd_core.o(i.USBD_LL_DevConnected)
    USBD_LL_DevDisconnected                  0x08006aa3   Thumb Code    22  usbd_core.o(i.USBD_LL_DevDisconnected)
    USBD_LL_FlushEP                          0x08006ab9   Thumb Code    36  usbd_conf.o(i.USBD_LL_FlushEP)
    USBD_LL_GetRxDataSize                    0x08006add   Thumb Code     8  usbd_conf.o(i.USBD_LL_GetRxDataSize)
    USBD_LL_Init                             0x08006ae5   Thumb Code   120  usbd_conf.o(i.USBD_LL_Init)
    USBD_LL_IsStallEP                        0x08006b65   Thumb Code    32  usbd_conf.o(i.USBD_LL_IsStallEP)
    USBD_LL_IsoINIncomplete                  0x08006b85   Thumb Code     4  usbd_core.o(i.USBD_LL_IsoINIncomplete)
    USBD_LL_IsoOUTIncomplete                 0x08006b89   Thumb Code     4  usbd_core.o(i.USBD_LL_IsoOUTIncomplete)
    USBD_LL_OpenEP                           0x08006b8d   Thumb Code    42  usbd_conf.o(i.USBD_LL_OpenEP)
    USBD_LL_PrepareReceive                   0x08006bb7   Thumb Code    36  usbd_conf.o(i.USBD_LL_PrepareReceive)
    USBD_LL_Reset                            0x08006bdb   Thumb Code    80  usbd_core.o(i.USBD_LL_Reset)
    USBD_LL_Resume                           0x08006c2b   Thumb Code    12  usbd_core.o(i.USBD_LL_Resume)
    USBD_LL_SOF                              0x08006c37   Thumb Code    26  usbd_core.o(i.USBD_LL_SOF)
    USBD_LL_SetSpeed                         0x08006c51   Thumb Code     6  usbd_core.o(i.USBD_LL_SetSpeed)
    USBD_LL_SetUSBAddress                    0x08006c57   Thumb Code    36  usbd_conf.o(i.USBD_LL_SetUSBAddress)
    USBD_LL_SetupStage                       0x08006c7b   Thumb Code    94  usbd_core.o(i.USBD_LL_SetupStage)
    USBD_LL_StallEP                          0x08006cd9   Thumb Code    36  usbd_conf.o(i.USBD_LL_StallEP)
    USBD_LL_Start                            0x08006cfd   Thumb Code    36  usbd_conf.o(i.USBD_LL_Start)
    USBD_LL_Suspend                          0x08006d21   Thumb Code    18  usbd_core.o(i.USBD_LL_Suspend)
    USBD_LL_Transmit                         0x08006d33   Thumb Code    36  usbd_conf.o(i.USBD_LL_Transmit)
    USBD_ParseSetupRequest                   0x08006d57   Thumb Code    40  usbd_ctlreq.o(i.USBD_ParseSetupRequest)
    USBD_RegisterClass                       0x08006d7f   Thumb Code    16  usbd_core.o(i.USBD_RegisterClass)
    USBD_SetClassConfig                      0x08006d8f   Thumb Code    24  usbd_core.o(i.USBD_SetClassConfig)
    USBD_Start                               0x08006da7   Thumb Code    10  usbd_core.o(i.USBD_Start)
    USBD_StdDevReq                           0x08006db1   Thumb Code   704  usbd_ctlreq.o(i.USBD_StdDevReq)
    USBD_StdEPReq                            0x08007075   Thumb Code   382  usbd_ctlreq.o(i.USBD_StdEPReq)
    USBD_StdItfReq                           0x080071f3   Thumb Code    84  usbd_ctlreq.o(i.USBD_StdItfReq)
    USB_ActivateEndpoint                     0x08007249   Thumb Code   146  stm32f4xx_ll_usb.o(i.USB_ActivateEndpoint)
    USB_ActivateSetup                        0x080072e1   Thumb Code    52  stm32f4xx_ll_usb.o(i.USB_ActivateSetup)
    USB_CoreInit                             0x08007315   Thumb Code   208  stm32f4xx_ll_usb.o(i.USB_CoreInit)
    USB_DeactivateEndpoint                   0x080073e9   Thumb Code   130  stm32f4xx_ll_usb.o(i.USB_DeactivateEndpoint)
    USB_DevConnect                           0x08007475   Thumb Code    24  stm32f4xx_ll_usb.o(i.USB_DevConnect)
    USB_DevDisconnect                        0x0800748d   Thumb Code    24  stm32f4xx_ll_usb.o(i.USB_DevDisconnect)
    USB_DevInit                              0x080074a5   Thumb Code   444  stm32f4xx_ll_usb.o(i.USB_DevInit)
    USB_DisableGlobalInt                     0x0800766d   Thumb Code    12  stm32f4xx_ll_usb.o(i.USB_DisableGlobalInt)
    USB_EP0StartXfer                         0x08007679   Thumb Code   310  stm32f4xx_ll_usb.o(i.USB_EP0StartXfer)
    USB_EP0_OutStart                         0x080077b1   Thumb Code    86  stm32f4xx_ll_usb.o(i.USB_EP0_OutStart)
    USB_EPClearStall                         0x0800780d   Thumb Code    90  stm32f4xx_ll_usb.o(i.USB_EPClearStall)
    USB_EPSetStall                           0x08007867   Thumb Code    94  stm32f4xx_ll_usb.o(i.USB_EPSetStall)
    USB_EPStartXfer                          0x080078c5   Thumb Code   586  stm32f4xx_ll_usb.o(i.USB_EPStartXfer)
    USB_EnableGlobalInt                      0x08007b0f   Thumb Code    12  stm32f4xx_ll_usb.o(i.USB_EnableGlobalInt)
    USB_FlushRxFifo                          0x08007b1d   Thumb Code    30  stm32f4xx_ll_usb.o(i.USB_FlushRxFifo)
    USB_FlushTxFifo                          0x08007b41   Thumb Code    34  stm32f4xx_ll_usb.o(i.USB_FlushTxFifo)
    USB_GetDevSpeed                          0x08007b69   Thumb Code    24  stm32f4xx_ll_usb.o(i.USB_GetDevSpeed)
    USB_GetMode                              0x08007b81   Thumb Code     8  stm32f4xx_ll_usb.o(i.USB_GetMode)
    USB_ReadDevAllInEpInterrupt              0x08007b89   Thumb Code    14  stm32f4xx_ll_usb.o(i.USB_ReadDevAllInEpInterrupt)
    USB_ReadDevAllOutEpInterrupt             0x08007b97   Thumb Code    14  stm32f4xx_ll_usb.o(i.USB_ReadDevAllOutEpInterrupt)
    USB_ReadDevInEPInterrupt                 0x08007ba5   Thumb Code    36  stm32f4xx_ll_usb.o(i.USB_ReadDevInEPInterrupt)
    USB_ReadDevOutEPInterrupt                0x08007bc9   Thumb Code    16  stm32f4xx_ll_usb.o(i.USB_ReadDevOutEPInterrupt)
    USB_ReadInterrupts                       0x08007bd9   Thumb Code     8  stm32f4xx_ll_usb.o(i.USB_ReadInterrupts)
    USB_ReadPacket                           0x08007be1   Thumb Code    64  stm32f4xx_ll_usb.o(i.USB_ReadPacket)
    USB_SetCurrentMode                       0x08007c21   Thumb Code    48  stm32f4xx_ll_usb.o(i.USB_SetCurrentMode)
    USB_SetDevAddress                        0x08007c51   Thumb Code    34  stm32f4xx_ll_usb.o(i.USB_SetDevAddress)
    USB_SetTurnaroundTime                    0x08007c75   Thumb Code   168  stm32f4xx_ll_usb.o(i.USB_SetTurnaroundTime)
    USB_WritePacket                          0x08007d59   Thumb Code    80  stm32f4xx_ll_usb.o(i.USB_WritePacket)
    UsageFault_Handler                       0x08007da9   Thumb Code     2  stm32f4xx_it.o(i.UsageFault_Handler)
    __ARM_fpclassifyf                        0x08007dab   Thumb Code    38  fpclassifyf.o(i.__ARM_fpclassifyf)
    __hardfp_powf                            0x08007dd1   Thumb Code  1606  powf.o(i.__hardfp_powf)
    __mathlib_powf                           0x08007dd1   Thumb Code     0  powf.o(i.__hardfp_powf)
    __hardfp_roundf                          0x08008435   Thumb Code   154  roundf.o(i.__hardfp_roundf)
    __mathlib_flt_divzero                    0x080084d1   Thumb Code    14  funder.o(i.__mathlib_flt_divzero)
    __mathlib_flt_infnan2                    0x080084e5   Thumb Code     6  funder.o(i.__mathlib_flt_infnan2)
    __mathlib_flt_invalid                    0x080084ed   Thumb Code    10  funder.o(i.__mathlib_flt_invalid)
    __mathlib_flt_overflow                   0x080084fd   Thumb Code    10  funder.o(i.__mathlib_flt_overflow)
    __mathlib_flt_underflow                  0x0800850d   Thumb Code    10  funder.o(i.__mathlib_flt_underflow)
    __scatterload_copy                       0x0800851d   Thumb Code    14  handlers.o(i.__scatterload_copy)
    __scatterload_null                       0x0800852b   Thumb Code     2  handlers.o(i.__scatterload_null)
    __scatterload_zeroinit                   0x0800852d   Thumb Code    14  handlers.o(i.__scatterload_zeroinit)
    __set_errno                              0x0800853d   Thumb Code     6  errno.o(i.__set_errno)
    init_in_parameter                        0x08008549   Thumb Code    32  usbd_audio.o(i.init_in_parameter)
    init_out_parameter                       0x08008581   Thumb Code    24  usbd_audio.o(i.init_out_parameter)
    main                                     0x080085ad   Thumb Code   828  main.o(i.main)
    AHBPrescTable                            0x08008930   Data          16  system_stm32f4xx.o(.constdata)
    Region$$Table$$Base                      0x08008a80   Number         0  anon$$obj.o(Region$$Table)
    Region$$Table$$Limit                     0x08008aa0   Number         0  anon$$obj.o(Region$$Table)
    in_count                                 0x20000000   Data           2  main.o(.data)
    out_count                                0x20000002   Data           2  main.o(.data)
    sof_count                                0x20000004   Data           2  main.o(.data)
    feed_count                               0x20000006   Data           2  main.o(.data)
    speaker_en                               0x20000008   Data           1  main.o(.data)
    out_mute                                 0x20000009   Data           1  main.o(.data)
    out_play_en                              0x2000000a   Data           1  main.o(.data)
    outbuf_xfrc                              0x2000000b   Data           1  main.o(.data)
    feedbk_xfrc                              0x2000000c   Data           1  main.o(.data)
    record_en                                0x2000000d   Data           1  main.o(.data)
    in_mute                                  0x2000000e   Data           1  main.o(.data)
    in_play_en                               0x2000000f   Data           1  main.o(.data)
    in_choose                                0x20000010   Data           1  main.o(.data)
    collect_xfrc                             0x20000011   Data           1  main.o(.data)
    firstin_xfrc                             0x20000012   Data           1  main.o(.data)
    state_out_full                           0x20000013   Data           1  main.o(.data)
    state_out_empty                          0x20000014   Data           1  main.o(.data)
    state_out_freq                           0x20000015   Data           1  main.o(.data)
    state_out_dmae                           0x20000016   Data           1  main.o(.data)
    state_out_precv                          0x20000017   Data           1  main.o(.data)
    state_out_flhfd                          0x20000018   Data           1  main.o(.data)
    state_out_flhout                         0x20000019   Data           1  main.o(.data)
    state_out_trans                          0x2000001a   Data           1  main.o(.data)
    state_in_full                            0x2000001b   Data           1  main.o(.data)
    state_in_empty                           0x2000001c   Data           1  main.o(.data)
    state_in_freq                            0x2000001d   Data           1  main.o(.data)
    state_in_dmae                            0x2000001e   Data           1  main.o(.data)
    state_in_flhin                           0x2000001f   Data           1  main.o(.data)
    state_in_trans                           0x20000020   Data           1  main.o(.data)
    sai_count                                0x20000022   Data           2  main.o(.data)
    out_volumn                               0x20000024   Data           2  main.o(.data)
    out_rd_ptr                               0x20000026   Data           2  main.o(.data)
    out_wr_ptr                               0x20000028   Data           2  main.o(.data)
    in_volumn                                0x2000002a   Data           2  main.o(.data)
    in_rd_ptr                                0x2000002c   Data           2  main.o(.data)
    in_wr_ptr                                0x2000002e   Data           2  main.o(.data)
    state_out_dnadj                          0x20000030   Data           2  main.o(.data)
    state_out_upadj                          0x20000032   Data           2  main.o(.data)
    state_in_upadj                           0x20000034   Data           2  main.o(.data)
    state_in_dnadj                           0x20000036   Data           2  main.o(.data)
    xcount                                   0x20000038   Data           2  main.o(.data)
    play_count                               0x2000003c   Data           4  main.o(.data)
    state_out_nak                            0x20000040   Data           4  main.o(.data)
    out_max_calc                             0x20000044   Data           4  main.o(.data)
    out_min_calc                             0x20000048   Data           4  main.o(.data)
    out_max_real                             0x2000004c   Data           4  main.o(.data)
    out_min_real                             0x20000050   Data           4  main.o(.data)
    in_max_real                              0x20000054   Data           4  main.o(.data)
    in_min_real                              0x20000058   Data           4  main.o(.data)
    hcrc                                     0x2000005c   Data           8  main.o(.data)
    data_count                               0x20000064   Data           4  main.o(.data)
    out_freq                                 0x20000068   Data           4  main.o(.data)
    out_remain_len                           0x2000006c   Data           2  main.o(.data)
    in_freq                                  0x20000070   Data           4  main.o(.data)
    in_remain_len                            0x20000074   Data           2  main.o(.data)
    FeedBackbuffer                           0x20000076   Data           3  main.o(.data)
    cur_freq                                 0x2000007c   Data           4  main.o(.data)
    xout_remain_len                          0x20000080   Data           2  main.o(.data)
    xin_remain_len                           0x20000082   Data           2  main.o(.data)
    ChannelL_Demux                           0x20000084   Data         128  pdm2pcm.o(.data)
    ChannelH_Demux                           0x20000104   Data         128  pdm2pcm.o(.data)
    HS_Desc                                  0x20000184   Data          28  usbd_desc.o(.data)
    USBD_LangIDDesc                          0x200001a0   Data           4  usbd_desc.o(.data)
    USBD_HS_DeviceDesc                       0x200001a4   Data          18  usbd_desc.o(.data)
    USBD_StringSerial                        0x200001b8   Data          26  usbd_desc.o(.data)
    USBD_AUDIO_fops_HS                       0x200001d4   Data          28  usbd_audio_if.o(.data)
    uwTickFreq                               0x200001f4   Data           1  stm32f4xx_hal.o(.data)
    uwTickPrio                               0x200001f8   Data           4  stm32f4xx_hal.o(.data)
    uwTick                                   0x200001fc   Data           4  stm32f4xx_hal.o(.data)
    SystemCoreClock                          0x20000200   Data           4  system_stm32f4xx.o(.data)
    cur_slen                                 0x20000208   Data           2  usbd_audio.o(.data)
    k                                        0x2000020c   Data           4  usbd_audio.o(.data)
    r                                        0x20000210   Data           4  usbd_audio.o(.data)
    epstatus                                 0x20000214   Data           4  usbd_audio.o(.data)
    USBD_AUDIO                               0x200002f0   Data          56  usbd_audio.o(.data)
    hi2s2                                    0x20000730   Data          72  main.o(.bss)
    hsai_BlockA1                             0x20000778   Data         136  main.o(.bss)
    htim8                                    0x20000800   Data          64  main.o(.bss)
    DataOutbuffer                            0x20000840   Data       65536  main.o(.bss)
    DataInbuffer                             0x20010840   Data       32768  main.o(.bss)
    PDMDatabuffer0                           0x20018840   Data        1024  main.o(.bss)
    PDMDatabuffer1                           0x20018c40   Data        1024  main.o(.bss)
    time                                     0x20019040   Data         256  main.o(.bss)
    type                                     0x20019140   Data          64  main.o(.bss)
    hdma_spi2_tx                             0x20019180   Data          96  main.o(.bss)
    hdma_sai1_a                              0x200191e0   Data          96  main.o(.bss)
    DataOutbuffer0                           0x20019240   Data         480  main.o(.bss)
    xin_remain                               0x20019420   Data         400  main.o(.bss)
    xout_remain                              0x200195b0   Data         400  main.o(.bss)
    DataInbuffer1                            0x20019740   Data         480  main.o(.bss)
    freq                                     0x20019920   Data         256  main.o(.bss)
    PDM_FilterHandler                        0x20019a20   Data         152  pdm2pcm.o(.bss)
    PDM_FilterConfig                         0x20019ab8   Data          12  pdm2pcm.o(.bss)
    app_pdm                                  0x20019ac4   Data        1024  pdm2pcm.o(.bss)
    hUsbDeviceHS                             0x20019ec4   Data         668  usb_device.o(.bss)
    hpcd_USB_OTG_HS                          0x2001a160   Data        1032  usbd_conf.o(.bss)
    USBD_StrDesc                             0x2001a568   Data         512  usbd_desc.o(.bss)
    Audio_ClassData                          0x2001a768   Data          72  usbd_audio.o(.bss)
    __initial_sp                             0x2001abb0   Data           0  startup_stm32f446xx.o(STACK)



==============================================================================

Memory Map of the image

  Image Entry point : 0x080001c5

  Load Region LR_IROM1 (Base: 0x08000000, Size: 0x000091d0, Max: 0x00080000, ABSOLUTE, COMPRESSED[0x00009014])

    Execution Region ER_IROM1 (Exec base: 0x08000000, Load base: 0x08000000, Size: 0x00008aa0, Max: 0x00080000, ABSOLUTE)

    Exec Addr    Load Addr    Size         Type   Attr      Idx    E Section Name        Object

    0x08000000   0x08000000   0x000001c4   Data   RO            3    RESET               startup_stm32f446xx.o
    0x080001c4   0x080001c4   0x00000000   Code   RO         4446  * .ARM.Collect$$$$00000000  mc_w.l(entry.o)
    0x080001c4   0x080001c4   0x00000004   Code   RO         4469    .ARM.Collect$$$$00000001  mc_w.l(entry2.o)
    0x080001c8   0x080001c8   0x00000004   Code   RO         4472    .ARM.Collect$$$$00000004  mc_w.l(entry5.o)
    0x080001cc   0x080001cc   0x00000000   Code   RO         4474    .ARM.Collect$$$$00000008  mc_w.l(entry7b.o)
    0x080001cc   0x080001cc   0x00000000   Code   RO         4476    .ARM.Collect$$$$0000000A  mc_w.l(entry8b.o)
    0x080001cc   0x080001cc   0x00000008   Code   RO         4477    .ARM.Collect$$$$0000000B  mc_w.l(entry9a.o)
    0x080001d4   0x080001d4   0x00000004   Code   RO         4484    .ARM.Collect$$$$0000000E  mc_w.l(entry12b.o)
    0x080001d8   0x080001d8   0x00000000   Code   RO         4479    .ARM.Collect$$$$0000000F  mc_w.l(entry10a.o)
    0x080001d8   0x080001d8   0x00000000   Code   RO         4481    .ARM.Collect$$$$00000011  mc_w.l(entry11a.o)
    0x080001d8   0x080001d8   0x00000004   Code   RO         4470    .ARM.Collect$$$$00002712  mc_w.l(entry2.o)
    0x080001dc   0x080001dc   0x00000004   Code   RO         4383    .rev16_text         libPDMFilter_CM4_Keil_wc16.lib(pdm_filter.o)
    0x080001e0   0x080001e0   0x00000024   Code   RO            4    .text               startup_stm32f446xx.o
    0x08000204   0x08000204   0x00000062   Code   RO         4449    .text               mc_w.l(uldiv.o)
    0x08000266   0x08000266   0x00000024   Code   RO         4451    .text               mc_w.l(memseta.o)
    0x0800028a   0x0800028a   0x0000001e   Code   RO         4485    .text               mc_w.l(llshl.o)
    0x080002a8   0x080002a8   0x00000020   Code   RO         4487    .text               mc_w.l(llushr.o)
    0x080002c8   0x080002c8   0x00000000   Code   RO         4496    .text               mc_w.l(iusefp.o)
    0x080002c8   0x080002c8   0x0000003c   Code   RO         4497    .text               mf_w.l(frnd.o)
    0x08000304   0x08000304   0x00000004   Code   RO         4499    .text               mf_w.l(fpstat.o)
    0x08000308   0x08000308   0x00000024   Code   RO         4501    .text               mc_w.l(init.o)
    0x0800032c   0x0800032c   0x0000006e   Code   RO         4503    .text               mf_w.l(fepilogue.o)
    0x0800039a   0x0800039a   0x0000005e   Code   RO         4513    .text               mc_w.l(__dclz77c.o)
    0x080003f8   0x080003f8   0x00000004   Code   RO          604    i.AUDIO_AudioCmd_HS  usbd_audio_if.o
    0x080003fc   0x080003fc   0x00000004   Code   RO          605    i.AUDIO_DeInit_HS   usbd_audio_if.o
    0x08000400   0x08000400   0x00000004   Code   RO          606    i.AUDIO_GetState_HS  usbd_audio_if.o
    0x08000404   0x08000404   0x00000004   Code   RO          607    i.AUDIO_Init_HS     usbd_audio_if.o
    0x08000408   0x08000408   0x00000004   Code   RO          608    i.AUDIO_MuteCtl_HS  usbd_audio_if.o
    0x0800040c   0x0800040c   0x00000004   Code   RO          609    i.AUDIO_PeriodicTC_HS  usbd_audio_if.o
    0x08000410   0x08000410   0x00000004   Code   RO          610    i.AUDIO_VolumeCtl_HS  usbd_audio_if.o
    0x08000414   0x08000414   0x00000002   Code   RO          664    i.BusFault_Handler  stm32f4xx_it.o
    0x08000416   0x08000416   0x00000002   PAD
    0x08000418   0x08000418   0x0000006c   Code   RO         4426    i.CRC_Lock          libPDMFilter_CM4_Keil_wc16.lib(stm32_crc_lock.o)
    0x08000484   0x08000484   0x000003a4   Code   RO         4386    i.D128_1CH_HTONS_VOL_HP  libPDMFilter_CM4_Keil_wc16.lib(pdm_filter.o)
    0x08000828   0x08000828   0x00000464   Code   RO         4387    i.D128_GENERIC      libPDMFilter_CM4_Keil_wc16.lib(pdm_filter.o)
    0x08000c8c   0x08000c8c   0x000000e4   Code   RO         4388    i.D16_1CH_HTONS_VOL_HP  libPDMFilter_CM4_Keil_wc16.lib(pdm_filter.o)
    0x08000d70   0x08000d70   0x00000110   Code   RO         4389    i.D16_GENERIC       libPDMFilter_CM4_Keil_wc16.lib(pdm_filter.o)
    0x08000e80   0x08000e80   0x00000144   Code   RO         4390    i.D24_1CH_HTONS_VOL_HP  libPDMFilter_CM4_Keil_wc16.lib(pdm_filter.o)
    0x08000fc4   0x08000fc4   0x00000184   Code   RO         4391    i.D24_GENERIC       libPDMFilter_CM4_Keil_wc16.lib(pdm_filter.o)
    0x08001148   0x08001148   0x0000014c   Code   RO         4392    i.D32_1CH_HTONS_VOL_HP  libPDMFilter_CM4_Keil_wc16.lib(pdm_filter.o)
    0x08001294   0x08001294   0x00000188   Code   RO         4393    i.D32_GENERIC       libPDMFilter_CM4_Keil_wc16.lib(pdm_filter.o)
    0x0800141c   0x0800141c   0x000001c8   Code   RO         4394    i.D48_1CH_HTONS_VOL_HP  libPDMFilter_CM4_Keil_wc16.lib(pdm_filter.o)
    0x080015e4   0x080015e4   0x0000021c   Code   RO         4395    i.D48_GENERIC       libPDMFilter_CM4_Keil_wc16.lib(pdm_filter.o)
    0x08001800   0x08001800   0x00000224   Code   RO         4396    i.D64_1CH_HTONS_VOL_HP  libPDMFilter_CM4_Keil_wc16.lib(pdm_filter.o)
    0x08001a24   0x08001a24   0x00000254   Code   RO         4397    i.D64_GENERIC       libPDMFilter_CM4_Keil_wc16.lib(pdm_filter.o)
    0x08001c78   0x08001c78   0x00000298   Code   RO         4398    i.D80_1CH_HTONS_VOL_HP  libPDMFilter_CM4_Keil_wc16.lib(pdm_filter.o)
    0x08001f10   0x08001f10   0x00000320   Code   RO         4399    i.D80_GENERIC       libPDMFilter_CM4_Keil_wc16.lib(pdm_filter.o)
    0x08002230   0x08002230   0x0000000c   Code   RO          665    i.DMA1_Stream4_IRQHandler  stm32f4xx_it.o
    0x0800223c   0x0800223c   0x0000000c   Code   RO          666    i.DMA2_Stream1_IRQHandler  stm32f4xx_it.o
    0x08002248   0x08002248   0x00000002   Code   RO          667    i.DebugMon_Handler  stm32f4xx_it.o
    0x0800224a   0x0800224a   0x00000002   Code   RO           13    i.Error_Handler     main.o
    0x0800224c   0x0800224c   0x00000022   Code   RO         2583    i.HAL_CRC_Init      stm32f4xx_hal_crc.o
    0x0800226e   0x0800226e   0x00000002   PAD
    0x08002270   0x08002270   0x0000002c   Code   RO          759    i.HAL_CRC_MspInit   stm32f4xx_hal_msp.o
    0x0800229c   0x0800229c   0x00000082   Code   RO         1913    i.HAL_DMA_IRQHandler  stm32f4xx_hal_dma.o
    0x0800231e   0x0800231e   0x00000002   PAD
    0x08002320   0x08002320   0x0000015c   Code   RO         1914    i.HAL_DMA_Init      stm32f4xx_hal_dma.o
    0x0800247c   0x0800247c   0x00000092   Code   RO         1918    i.HAL_DMA_Start_IT  stm32f4xx_hal_dma.o
    0x0800250e   0x0800250e   0x00000002   PAD
    0x08002510   0x08002510   0x00000028   Code   RO         2328    i.HAL_Delay         stm32f4xx_hal.o
    0x08002538   0x08002538   0x00000230   Code   RO         1809    i.HAL_GPIO_Init     stm32f4xx_hal_gpio.o
    0x08002768   0x08002768   0x0000000a   Code   RO         1811    i.HAL_GPIO_ReadPin  stm32f4xx_hal_gpio.o
    0x08002772   0x08002772   0x0000000a   Code   RO         1813    i.HAL_GPIO_WritePin  stm32f4xx_hal_gpio.o
    0x0800277c   0x0800277c   0x0000000c   Code   RO         2334    i.HAL_GetTick       stm32f4xx_hal.o
    0x08002788   0x08002788   0x00000002   Code   RO         2643    i.HAL_I2S_ErrorCallback  stm32f4xx_hal_i2s.o
    0x0800278a   0x0800278a   0x00000002   PAD
    0x0800278c   0x0800278c   0x00000138   Code   RO         2647    i.HAL_I2S_Init      stm32f4xx_hal_i2s.o
    0x080028c4   0x080028c4   0x00000104   Code   RO          761    i.HAL_I2S_MspInit   stm32f4xx_hal_msp.o
    0x080029c8   0x080029c8   0x00000002   Code   RO         2653    i.HAL_I2S_RxCpltCallback  stm32f4xx_hal_i2s.o
    0x080029ca   0x080029ca   0x00000002   PAD
    0x080029cc   0x080029cc   0x0000004c   Code   RO         2656    i.HAL_I2S_Transmit_DMA  stm32f4xx_hal_i2s.o
    0x08002a18   0x08002a18   0x000000dc   Code   RO           14    i.HAL_I2S_TxCpltCallback  main.o
    0x08002af4   0x08002af4   0x00000010   Code   RO         2340    i.HAL_IncTick       stm32f4xx_hal.o
    0x08002b04   0x08002b04   0x00000034   Code   RO         2341    i.HAL_Init          stm32f4xx_hal.o
    0x08002b38   0x08002b38   0x00000040   Code   RO         2342    i.HAL_InitTick      stm32f4xx_hal.o
    0x08002b78   0x08002b78   0x00000034   Code   RO          762    i.HAL_MspInit       stm32f4xx_hal_msp.o
    0x08002bac   0x08002bac   0x00000026   Code   RO         2195    i.HAL_NVIC_DisableIRQ  stm32f4xx_hal_cortex.o
    0x08002bd2   0x08002bd2   0x0000001e   Code   RO         2196    i.HAL_NVIC_EnableIRQ  stm32f4xx_hal_cortex.o
    0x08002bf0   0x08002bf0   0x00000064   Code   RO         2202    i.HAL_NVIC_SetPriority  stm32f4xx_hal_cortex.o
    0x08002c54   0x08002c54   0x00000024   Code   RO         2203    i.HAL_NVIC_SetPriorityGrouping  stm32f4xx_hal_cortex.o
    0x08002c78   0x08002c78   0x00000026   Code   RO         1049    i.HAL_PCDEx_ActivateLPM  stm32f4xx_hal_pcd_ex.o
    0x08002c9e   0x08002c9e   0x00000002   PAD
    0x08002ca0   0x08002ca0   0x00000064   Code   RO          322    i.HAL_PCDEx_LPM_Callback  usbd_conf.o
    0x08002d04   0x08002d04   0x00000008   Code   RO         1053    i.HAL_PCDEx_SetRxFiFo  stm32f4xx_hal_pcd_ex.o
    0x08002d0c   0x08002d0c   0x0000004e   Code   RO         1054    i.HAL_PCDEx_SetTxFiFo  stm32f4xx_hal_pcd_ex.o
    0x08002d5a   0x08002d5a   0x00000008   Code   RO          323    i.HAL_PCD_ConnectCallback  usbd_conf.o
    0x08002d62   0x08002d62   0x00000012   Code   RO          324    i.HAL_PCD_DataInStageCallback  usbd_conf.o
    0x08002d74   0x08002d74   0x00000014   Code   RO          325    i.HAL_PCD_DataOutStageCallback  usbd_conf.o
    0x08002d88   0x08002d88   0x00000008   Code   RO          326    i.HAL_PCD_DisconnectCallback  usbd_conf.o
    0x08002d90   0x08002d90   0x0000004e   Code   RO          848    i.HAL_PCD_EP_Close  stm32f4xx_hal_pcd.o
    0x08002dde   0x08002dde   0x0000005e   Code   RO          849    i.HAL_PCD_EP_ClrStall  stm32f4xx_hal_pcd.o
    0x08002e3c   0x08002e3c   0x00000036   Code   RO          850    i.HAL_PCD_EP_Flush  stm32f4xx_hal_pcd.o
    0x08002e72   0x08002e72   0x00000012   Code   RO          851    i.HAL_PCD_EP_GetRxCount  stm32f4xx_hal_pcd.o
    0x08002e84   0x08002e84   0x0000005e   Code   RO          852    i.HAL_PCD_EP_Open   stm32f4xx_hal_pcd.o
    0x08002ee2   0x08002ee2   0x0000004a   Code   RO          853    i.HAL_PCD_EP_Receive  stm32f4xx_hal_pcd.o
    0x08002f2c   0x08002f2c   0x00000072   Code   RO          854    i.HAL_PCD_EP_SetStall  stm32f4xx_hal_pcd.o
    0x08002f9e   0x08002f9e   0x00000042   Code   RO          855    i.HAL_PCD_EP_Transmit  stm32f4xx_hal_pcd.o
    0x08002fe0   0x08002fe0   0x000006d4   Code   RO          857    i.HAL_PCD_IRQHandler  stm32f4xx_hal_pcd.o
    0x080036b4   0x080036b4   0x00000008   Code   RO          327    i.HAL_PCD_ISOINIncompleteCallback  usbd_conf.o
    0x080036bc   0x080036bc   0x00000008   Code   RO          328    i.HAL_PCD_ISOOUTIncompleteCallback  usbd_conf.o
    0x080036c4   0x080036c4   0x0000011a   Code   RO          860    i.HAL_PCD_Init      stm32f4xx_hal_pcd.o
    0x080037de   0x080037de   0x00000002   PAD
    0x080037e0   0x080037e0   0x00000078   Code   RO          330    i.HAL_PCD_MspInit   usbd_conf.o
    0x08003858   0x08003858   0x0000002e   Code   RO          331    i.HAL_PCD_ResetCallback  usbd_conf.o
    0x08003886   0x08003886   0x00000008   Code   RO          332    i.HAL_PCD_ResumeCallback  usbd_conf.o
    0x0800388e   0x0800388e   0x00000008   Code   RO          333    i.HAL_PCD_SOFCallback  usbd_conf.o
    0x08003896   0x08003896   0x00000028   Code   RO          866    i.HAL_PCD_SetAddress  stm32f4xx_hal_pcd.o
    0x080038be   0x080038be   0x0000000e   Code   RO          334    i.HAL_PCD_SetupStageCallback  usbd_conf.o
    0x080038cc   0x080038cc   0x00000040   Code   RO          868    i.HAL_PCD_Start     stm32f4xx_hal_pcd.o
    0x0800390c   0x0800390c   0x00000034   Code   RO          335    i.HAL_PCD_SuspendCallback  usbd_conf.o
    0x08003940   0x08003940   0x00000078   Code   RO         2125    i.HAL_PWREx_EnableOverDrive  stm32f4xx_hal_pwr_ex.o
    0x080039b8   0x080039b8   0x00000214   Code   RO         1504    i.HAL_RCCEx_GetPeriphCLKFreq  stm32f4xx_hal_rcc_ex.o
    0x08003bcc   0x08003bcc   0x000004ac   Code   RO         1505    i.HAL_RCCEx_PeriphCLKConfig  stm32f4xx_hal_rcc_ex.o
    0x08004078   0x08004078   0x0000015c   Code   RO         1398    i.HAL_RCC_ClockConfig  stm32f4xx_hal_rcc.o
    0x080041d4   0x080041d4   0x0000000c   Code   RO         1403    i.HAL_RCC_GetHCLKFreq  stm32f4xx_hal_rcc.o
    0x080041e0   0x080041e0   0x000000b0   Code   RO         1509    i.HAL_RCC_GetSysClockFreq  stm32f4xx_hal_rcc_ex.o
    0x08004290   0x08004290   0x000003c8   Code   RO         1510    i.HAL_RCC_OscConfig  stm32f4xx_hal_rcc_ex.o
    0x08004658   0x08004658   0x0000019c   Code   RO         2839    i.HAL_SAI_Init      stm32f4xx_hal_sai.o
    0x080047f4   0x080047f4   0x000000cc   Code   RO          764    i.HAL_SAI_MspInit   stm32f4xx_hal_msp.o
    0x080048c0   0x080048c0   0x0000005c   Code   RO         2844    i.HAL_SAI_Receive_DMA  stm32f4xx_hal_sai.o
    0x0800491c   0x0800491c   0x000000c8   Code   RO           15    i.HAL_SAI_RxCpltCallback  main.o
    0x080049e4   0x080049e4   0x0000002c   Code   RO         2207    i.HAL_SYSTICK_Config  stm32f4xx_hal_cortex.o
    0x08004a10   0x08004a10   0x00000052   Code   RO         3744    i.HAL_TIMEx_ConfigBreakDeadTime  stm32f4xx_hal_tim_ex.o
    0x08004a62   0x08004a62   0x00000096   Code   RO         3759    i.HAL_TIMEx_MasterConfigSynchronization  stm32f4xx_hal_tim_ex.o
    0x08004af8   0x08004af8   0x00000036   Code   RO         3103    i.HAL_TIM_Base_Init  stm32f4xx_hal_tim.o
    0x08004b2e   0x08004b2e   0x00000002   PAD
    0x08004b30   0x08004b30   0x00000068   Code   RO          766    i.HAL_TIM_Base_MspInit  stm32f4xx_hal_msp.o
    0x08004b98   0x08004b98   0x00000054   Code   RO          767    i.HAL_TIM_MspPostInit  stm32f4xx_hal_msp.o
    0x08004bec   0x08004bec   0x00000250   Code   RO         3170    i.HAL_TIM_PWM_ConfigChannel  stm32f4xx_hal_tim.o
    0x08004e3c   0x08004e3c   0x00000036   Code   RO         3173    i.HAL_TIM_PWM_Init  stm32f4xx_hal_tim.o
    0x08004e72   0x08004e72   0x00000002   Code   RO         3175    i.HAL_TIM_PWM_MspInit  stm32f4xx_hal_tim.o
    0x08004e74   0x08004e74   0x0000004c   Code   RO         3178    i.HAL_TIM_PWM_Start  stm32f4xx_hal_tim.o
    0x08004ec0   0x08004ec0   0x00000056   Code   RO         3187    i.HAL_TIM_SlaveConfigSynchro  stm32f4xx_hal_tim.o
    0x08004f16   0x08004f16   0x00000002   Code   RO          668    i.HardFault_Handler  stm32f4xx_it.o
    0x08004f18   0x08004f18   0x00000024   Code   RO         2663    i.I2S_DMATxCplt     stm32f4xx_hal_i2s.o
    0x08004f3c   0x08004f3c   0x0000010e   Code   RO         2664    i.I2S_IRQHandler    stm32f4xx_hal_i2s.o
    0x0800504a   0x0800504a   0x00000002   PAD
    0x0800504c   0x0800504c   0x00000010   Code   RO          247    i.MX_PDM2PCM_Init   pdm2pcm.o
    0x0800505c   0x0800505c   0x00000058   Code   RO          287    i.MX_USB_DEVICE_Init  usb_device.o
    0x080050b4   0x080050b4   0x00000002   Code   RO          669    i.MemManage_Handler  stm32f4xx_it.o
    0x080050b6   0x080050b6   0x00000002   Code   RO          670    i.NMI_Handler       stm32f4xx_it.o
    0x080050b8   0x080050b8   0x0000000c   Code   RO          671    i.OTG_HS_IRQHandler  stm32f4xx_it.o
    0x080050c4   0x080050c4   0x00000098   Code   RO          248    i.PDMDecoder_Init   pdm2pcm.o
    0x0800515c   0x0800515c   0x0000002c   Code   RO         4400    i.PDM_Filter        libPDMFilter_CM4_Keil_wc16.lib(pdm_filter.o)
    0x08005188   0x08005188   0x0000012c   Code   RO         4401    i.PDM_Filter_Init   libPDMFilter_CM4_Keil_wc16.lib(pdm_filter.o)
    0x080052b4   0x080052b4   0x00000210   Code   RO         4403    i.PDM_Filter_setConfig  libPDMFilter_CM4_Keil_wc16.lib(pdm_filter.o)
    0x080054c4   0x080054c4   0x0000008c   Code   RO          249    i.PDM_To_PCM        pdm2pcm.o
    0x08005550   0x08005550   0x00000002   Code   RO          672    i.PendSV_Handler    stm32f4xx_it.o
    0x08005552   0x08005552   0x00000002   PAD
    0x08005554   0x08005554   0x00000044   Code   RO         3071    i.SAI_BlockSynchroConfig  stm32f4xx_hal_sai_ex.o
    0x08005598   0x08005598   0x0000003e   Code   RO         2855    i.SAI_DMARxCplt     stm32f4xx_hal_sai.o
    0x080055d6   0x080055d6   0x00000002   PAD
    0x080055d8   0x080055d8   0x00000044   Code   RO         2858    i.SAI_Disable       stm32f4xx_hal_sai.o
    0x0800561c   0x0800561c   0x00000024   Code   RO         3072    i.SAI_GetInputClock  stm32f4xx_hal_sai_ex.o
    0x08005640   0x08005640   0x00000032   Code   RO         2859    i.SAI_InterruptFlag  stm32f4xx_hal_sai.o
    0x08005672   0x08005672   0x00000002   Code   RO          673    i.SVC_Handler       stm32f4xx_it.o
    0x08005674   0x08005674   0x00000004   Code   RO          674    i.SysTick_Handler   stm32f4xx_it.o
    0x08005678   0x08005678   0x000000d0   Code   RO           16    i.SystemClock_Config  main.o
    0x08005748   0x08005748   0x0000001c   Code   RO         3988    i.SystemInit        system_stm32f4xx.o
    0x08005764   0x08005764   0x000000cc   Code   RO         3191    i.TIM_Base_SetConfig  stm32f4xx_hal_tim.o
    0x08005830   0x08005830   0x000000de   Code   RO         3204    i.TIM_SlaveTimer_SetConfig  stm32f4xx_hal_tim.o
    0x0800590e   0x0800590e   0x00000002   PAD
    0x08005910   0x08005910   0x00000370   Code   RO         4278    i.USBD_AUDIO_DataIn  usbd_audio.o
    0x08005c80   0x08005c80   0x00000380   Code   RO         4279    i.USBD_AUDIO_DataOut  usbd_audio.o
    0x08006000   0x08006000   0x0000003c   Code   RO         4280    i.USBD_AUDIO_DeInit  usbd_audio.o
    0x0800603c   0x0800603c   0x00000108   Code   RO         4281    i.USBD_AUDIO_EP0_RxReady  usbd_audio.o
    0x08006144   0x08006144   0x00000004   Code   RO         4282    i.USBD_AUDIO_EP0_TxReady  usbd_audio.o
    0x08006148   0x08006148   0x0000000c   Code   RO         4283    i.USBD_AUDIO_GetCfgDesc  usbd_audio.o
    0x08006154   0x08006154   0x0000000c   Code   RO         4284    i.USBD_AUDIO_GetDeviceQualifierDesc  usbd_audio.o
    0x08006160   0x08006160   0x00000078   Code   RO         4285    i.USBD_AUDIO_Init   usbd_audio.o
    0x080061d8   0x080061d8   0x00000004   Code   RO         4286    i.USBD_AUDIO_IsoINIncomplete  usbd_audio.o
    0x080061dc   0x080061dc   0x00000004   Code   RO         4287    i.USBD_AUDIO_IsoOutIncomplete  usbd_audio.o
    0x080061e0   0x080061e0   0x0000000c   Code   RO         4288    i.USBD_AUDIO_RegisterInterface  usbd_audio.o
    0x080061ec   0x080061ec   0x00000198   Code   RO         4289    i.USBD_AUDIO_SOF    usbd_audio.o
    0x08006384   0x08006384   0x00000304   Code   RO         4290    i.USBD_AUDIO_Setup  usbd_audio.o
    0x08006688   0x08006688   0x0000000e   Code   RO         4025    i.USBD_ClrClassConfig  usbd_core.o
    0x08006696   0x08006696   0x00000010   Code   RO         4218    i.USBD_CtlContinueRx  usbd_ioreq.o
    0x080066a6   0x080066a6   0x00000010   Code   RO         4219    i.USBD_CtlContinueSendData  usbd_ioreq.o
    0x080066b6   0x080066b6   0x00000016   Code   RO         4163    i.USBD_CtlError     usbd_ctlreq.o
    0x080066cc   0x080066cc   0x0000001e   Code   RO         4220    i.USBD_CtlPrepareRx  usbd_ioreq.o
    0x080066ea   0x080066ea   0x00000016   Code   RO         4221    i.USBD_CtlReceiveStatus  usbd_ioreq.o
    0x08006700   0x08006700   0x0000001a   Code   RO         4222    i.USBD_CtlSendData  usbd_ioreq.o
    0x0800671a   0x0800671a   0x00000016   Code   RO         4223    i.USBD_CtlSendStatus  usbd_ioreq.o
    0x08006730   0x08006730   0x00000068   Code   RO         4164    i.USBD_GetString    usbd_ctlreq.o
    0x08006798   0x08006798   0x00000028   Code   RO          523    i.USBD_HS_ConfigStrDescriptor  usbd_desc.o
    0x080067c0   0x080067c0   0x0000000c   Code   RO          524    i.USBD_HS_DeviceDescriptor  usbd_desc.o
    0x080067cc   0x080067cc   0x00000028   Code   RO          525    i.USBD_HS_InterfaceStrDescriptor  usbd_desc.o
    0x080067f4   0x080067f4   0x0000000c   Code   RO          526    i.USBD_HS_LangIDStrDescriptor  usbd_desc.o
    0x08006800   0x08006800   0x00000020   Code   RO          527    i.USBD_HS_ManufacturerStrDescriptor  usbd_desc.o
    0x08006820   0x08006820   0x00000030   Code   RO          528    i.USBD_HS_ProductStrDescriptor  usbd_desc.o
    0x08006850   0x08006850   0x00000084   Code   RO          529    i.USBD_HS_SerialStrDescriptor  usbd_desc.o
    0x080068d4   0x080068d4   0x00000030   Code   RO         4027    i.USBD_Init         usbd_core.o
    0x08006904   0x08006904   0x00000024   Code   RO          337    i.USBD_LL_ClearStallEP  usbd_conf.o
    0x08006928   0x08006928   0x00000024   Code   RO          338    i.USBD_LL_CloseEP   usbd_conf.o
    0x0800694c   0x0800694c   0x000000ce   Code   RO         4028    i.USBD_LL_DataInStage  usbd_core.o
    0x08006a1a   0x08006a1a   0x00000084   Code   RO         4029    i.USBD_LL_DataOutStage  usbd_core.o
    0x08006a9e   0x08006a9e   0x00000004   Code   RO         4030    i.USBD_LL_DevConnected  usbd_core.o
    0x08006aa2   0x08006aa2   0x00000016   Code   RO         4031    i.USBD_LL_DevDisconnected  usbd_core.o
    0x08006ab8   0x08006ab8   0x00000024   Code   RO          341    i.USBD_LL_FlushEP   usbd_conf.o
    0x08006adc   0x08006adc   0x00000008   Code   RO          342    i.USBD_LL_GetRxDataSize  usbd_conf.o
    0x08006ae4   0x08006ae4   0x00000080   Code   RO          343    i.USBD_LL_Init      usbd_conf.o
    0x08006b64   0x08006b64   0x00000020   Code   RO          344    i.USBD_LL_IsStallEP  usbd_conf.o
    0x08006b84   0x08006b84   0x00000004   Code   RO         4032    i.USBD_LL_IsoINIncomplete  usbd_core.o
    0x08006b88   0x08006b88   0x00000004   Code   RO         4033    i.USBD_LL_IsoOUTIncomplete  usbd_core.o
    0x08006b8c   0x08006b8c   0x0000002a   Code   RO          345    i.USBD_LL_OpenEP    usbd_conf.o
    0x08006bb6   0x08006bb6   0x00000024   Code   RO          346    i.USBD_LL_PrepareReceive  usbd_conf.o
    0x08006bda   0x08006bda   0x00000050   Code   RO         4034    i.USBD_LL_Reset     usbd_core.o
    0x08006c2a   0x08006c2a   0x0000000c   Code   RO         4035    i.USBD_LL_Resume    usbd_core.o
    0x08006c36   0x08006c36   0x0000001a   Code   RO         4036    i.USBD_LL_SOF       usbd_core.o
    0x08006c50   0x08006c50   0x00000006   Code   RO         4037    i.USBD_LL_SetSpeed  usbd_core.o
    0x08006c56   0x08006c56   0x00000024   Code   RO          347    i.USBD_LL_SetUSBAddress  usbd_conf.o
    0x08006c7a   0x08006c7a   0x0000005e   Code   RO         4038    i.USBD_LL_SetupStage  usbd_core.o
    0x08006cd8   0x08006cd8   0x00000024   Code   RO          348    i.USBD_LL_StallEP   usbd_conf.o
    0x08006cfc   0x08006cfc   0x00000024   Code   RO          349    i.USBD_LL_Start     usbd_conf.o
    0x08006d20   0x08006d20   0x00000012   Code   RO         4039    i.USBD_LL_Suspend   usbd_core.o
    0x08006d32   0x08006d32   0x00000024   Code   RO          351    i.USBD_LL_Transmit  usbd_conf.o
    0x08006d56   0x08006d56   0x00000028   Code   RO         4165    i.USBD_ParseSetupRequest  usbd_ctlreq.o
    0x08006d7e   0x08006d7e   0x00000010   Code   RO         4040    i.USBD_RegisterClass  usbd_core.o
    0x08006d8e   0x08006d8e   0x00000018   Code   RO         4042    i.USBD_SetClassConfig  usbd_core.o
    0x08006da6   0x08006da6   0x0000000a   Code   RO         4043    i.USBD_Start        usbd_core.o
    0x08006db0   0x08006db0   0x000002c4   Code   RO         4166    i.USBD_StdDevReq    usbd_ctlreq.o
    0x08007074   0x08007074   0x0000017e   Code   RO         4167    i.USBD_StdEPReq     usbd_ctlreq.o
    0x080071f2   0x080071f2   0x00000054   Code   RO         4168    i.USBD_StdItfReq    usbd_ctlreq.o
    0x08007246   0x08007246   0x00000002   PAD
    0x08007248   0x08007248   0x00000098   Code   RO         1104    i.USB_ActivateEndpoint  stm32f4xx_ll_usb.o
    0x080072e0   0x080072e0   0x00000034   Code   RO         1106    i.USB_ActivateSetup  stm32f4xx_ll_usb.o
    0x08007314   0x08007314   0x000000d4   Code   RO         1108    i.USB_CoreInit      stm32f4xx_ll_usb.o
    0x080073e8   0x080073e8   0x0000008c   Code   RO         1111    i.USB_DeactivateEndpoint  stm32f4xx_ll_usb.o
    0x08007474   0x08007474   0x00000018   Code   RO         1112    i.USB_DevConnect    stm32f4xx_ll_usb.o
    0x0800748c   0x0800748c   0x00000018   Code   RO         1113    i.USB_DevDisconnect  stm32f4xx_ll_usb.o
    0x080074a4   0x080074a4   0x000001c8   Code   RO         1114    i.USB_DevInit       stm32f4xx_ll_usb.o
    0x0800766c   0x0800766c   0x0000000c   Code   RO         1115    i.USB_DisableGlobalInt  stm32f4xx_ll_usb.o
    0x08007678   0x08007678   0x00000136   Code   RO         1118    i.USB_EP0StartXfer  stm32f4xx_ll_usb.o
    0x080077ae   0x080077ae   0x00000002   PAD
    0x080077b0   0x080077b0   0x0000005c   Code   RO         1119    i.USB_EP0_OutStart  stm32f4xx_ll_usb.o
    0x0800780c   0x0800780c   0x0000005a   Code   RO         1120    i.USB_EPClearStall  stm32f4xx_ll_usb.o
    0x08007866   0x08007866   0x0000005e   Code   RO         1121    i.USB_EPSetStall    stm32f4xx_ll_usb.o
    0x080078c4   0x080078c4   0x0000024a   Code   RO         1122    i.USB_EPStartXfer   stm32f4xx_ll_usb.o
    0x08007b0e   0x08007b0e   0x0000000c   Code   RO         1123    i.USB_EnableGlobalInt  stm32f4xx_ll_usb.o
    0x08007b1a   0x08007b1a   0x00000002   PAD
    0x08007b1c   0x08007b1c   0x00000024   Code   RO         1124    i.USB_FlushRxFifo   stm32f4xx_ll_usb.o
    0x08007b40   0x08007b40   0x00000028   Code   RO         1125    i.USB_FlushTxFifo   stm32f4xx_ll_usb.o
    0x08007b68   0x08007b68   0x00000018   Code   RO         1127    i.USB_GetDevSpeed   stm32f4xx_ll_usb.o
    0x08007b80   0x08007b80   0x00000008   Code   RO         1129    i.USB_GetMode       stm32f4xx_ll_usb.o
    0x08007b88   0x08007b88   0x0000000e   Code   RO         1136    i.USB_ReadDevAllInEpInterrupt  stm32f4xx_ll_usb.o
    0x08007b96   0x08007b96   0x0000000e   Code   RO         1137    i.USB_ReadDevAllOutEpInterrupt  stm32f4xx_ll_usb.o
    0x08007ba4   0x08007ba4   0x00000024   Code   RO         1138    i.USB_ReadDevInEPInterrupt  stm32f4xx_ll_usb.o
    0x08007bc8   0x08007bc8   0x00000010   Code   RO         1139    i.USB_ReadDevOutEPInterrupt  stm32f4xx_ll_usb.o
    0x08007bd8   0x08007bd8   0x00000008   Code   RO         1140    i.USB_ReadInterrupts  stm32f4xx_ll_usb.o
    0x08007be0   0x08007be0   0x00000040   Code   RO         1141    i.USB_ReadPacket    stm32f4xx_ll_usb.o
    0x08007c20   0x08007c20   0x00000030   Code   RO         1143    i.USB_SetCurrentMode  stm32f4xx_ll_usb.o
    0x08007c50   0x08007c50   0x00000022   Code   RO         1144    i.USB_SetDevAddress  stm32f4xx_ll_usb.o
    0x08007c72   0x08007c72   0x00000002   PAD
    0x08007c74   0x08007c74   0x000000e4   Code   RO         1146    i.USB_SetTurnaroundTime  stm32f4xx_ll_usb.o
    0x08007d58   0x08007d58   0x00000050   Code   RO         1149    i.USB_WritePacket   stm32f4xx_ll_usb.o
    0x08007da8   0x08007da8   0x00000002   Code   RO          675    i.UsageFault_Handler  stm32f4xx_it.o
    0x08007daa   0x08007daa   0x00000026   Code   RO         4453    i.__ARM_fpclassifyf  m_wm.l(fpclassifyf.o)
    0x08007dd0   0x08007dd0   0x00000664   Code   RO         4428    i.__hardfp_powf     m_wm.l(powf.o)
    0x08008434   0x08008434   0x0000009a   Code   RO         4442    i.__hardfp_roundf   m_wm.l(roundf.o)
    0x080084ce   0x080084ce   0x00000002   PAD
    0x080084d0   0x080084d0   0x00000014   Code   RO         4455    i.__mathlib_flt_divzero  m_wm.l(funder.o)
    0x080084e4   0x080084e4   0x00000006   Code   RO         4457    i.__mathlib_flt_infnan2  m_wm.l(funder.o)
    0x080084ea   0x080084ea   0x00000002   PAD
    0x080084ec   0x080084ec   0x00000010   Code   RO         4458    i.__mathlib_flt_invalid  m_wm.l(funder.o)
    0x080084fc   0x080084fc   0x00000010   Code   RO         4459    i.__mathlib_flt_overflow  m_wm.l(funder.o)
    0x0800850c   0x0800850c   0x00000010   Code   RO         4461    i.__mathlib_flt_underflow  m_wm.l(funder.o)
    0x0800851c   0x0800851c   0x0000000e   Code   RO         4507    i.__scatterload_copy  mc_w.l(handlers.o)
    0x0800852a   0x0800852a   0x00000002   Code   RO         4508    i.__scatterload_null  mc_w.l(handlers.o)
    0x0800852c   0x0800852c   0x0000000e   Code   RO         4509    i.__scatterload_zeroinit  mc_w.l(handlers.o)
    0x0800853a   0x0800853a   0x00000002   PAD
    0x0800853c   0x0800853c   0x0000000c   Code   RO         4491    i.__set_errno       mc_w.l(errno.o)
    0x08008548   0x08008548   0x00000038   Code   RO         4292    i.init_in_parameter  usbd_audio.o
    0x08008580   0x08008580   0x0000002c   Code   RO         4293    i.init_out_parameter  usbd_audio.o
    0x080085ac   0x080085ac   0x0000037c   Code   RO           17    i.main              main.o
    0x08008928   0x08008928   0x00000008   Data   RO         1920    .constdata          stm32f4xx_hal_dma.o
    0x08008930   0x08008930   0x00000010   Data   RO         3989    .constdata          system_stm32f4xx.o
    0x08008940   0x08008940   0x00000140   Data   RO         4431    .constdata          m_wm.l(powf.o)
    0x08008a80   0x08008a80   0x00000020   Data   RO         4505    Region$$Table       anon$$obj.o


    Execution Region RW_IRAM1 (Exec base: 0x20000000, Load base: 0x08008aa0, Size: 0x0001abb0, Max: 0x00020000, ABSOLUTE, COMPRESSED[0x00000574])

    Exec Addr    Load Addr    Size         Type   Attr      Idx    E Section Name        Object

    0x20000000   COMPRESSED   0x00000002   Data   RW           26    .data               main.o
    0x20000002   COMPRESSED   0x00000002   Data   RW           27    .data               main.o
    0x20000004   COMPRESSED   0x00000002   Data   RW           28    .data               main.o
    0x20000006   COMPRESSED   0x00000002   Data   RW           29    .data               main.o
    0x20000008   COMPRESSED   0x0000005c   Data   RW           30    .data               main.o
    0x20000064   COMPRESSED   0x00000004   Data   RW           31    .data               main.o
    0x20000068   COMPRESSED   0x00000004   Data   RW           32    .data               main.o
    0x2000006c   COMPRESSED   0x00000002   Data   RW           33    .data               main.o
    0x2000006e   COMPRESSED   0x00000002   PAD
    0x20000070   COMPRESSED   0x00000004   Data   RW           34    .data               main.o
    0x20000074   COMPRESSED   0x00000002   Data   RW           35    .data               main.o
    0x20000076   COMPRESSED   0x00000003   Data   RW           36    .data               main.o
    0x20000079   COMPRESSED   0x00000003   PAD
    0x2000007c   COMPRESSED   0x00000004   Data   RW           37    .data               main.o
    0x20000080   COMPRESSED   0x00000002   Data   RW           38    .data               main.o
    0x20000082   COMPRESSED   0x00000002   Data   RW           39    .data               main.o
    0x20000084   COMPRESSED   0x00000100   Data   RW          251    .data               pdm2pcm.o
    0x20000184   COMPRESSED   0x0000001c   Data   RW          531    .data               usbd_desc.o
    0x200001a0   COMPRESSED   0x00000032   Data   RW          532    .data               usbd_desc.o
    0x200001d2   COMPRESSED   0x00000002   PAD
    0x200001d4   COMPRESSED   0x0000001c   Data   RW          611    .data               usbd_audio_if.o
    0x200001f0   COMPRESSED   0x00000004   Data   RW          768    .data               stm32f4xx_hal_msp.o
    0x200001f4   COMPRESSED   0x0000000c   Data   RW         2348    .data               stm32f4xx_hal.o
    0x20000200   COMPRESSED   0x00000004   Data   RW         3991    .data               system_stm32f4xx.o
    0x20000204   COMPRESSED   0x00000001   Data   RW         4169    .data               usbd_ctlreq.o
    0x20000205   COMPRESSED   0x00000003   PAD
    0x20000208   COMPRESSED   0x000000e6   Data   RW         4295    .data               usbd_audio.o
    0x200002ee   COMPRESSED   0x00000002   PAD
    0x200002f0   COMPRESSED   0x00000038   Data   RW         4296    .data               usbd_audio.o
    0x20000328   COMPRESSED   0x00000404   Data   RW         4404    .data               libPDMFilter_CM4_Keil_wc16.lib(pdm_filter.o)
    0x2000072c   COMPRESSED   0x00000004   Data   RW         4492    .data               mc_w.l(errno.o)
    0x20000730        -       0x00018a50   Zero   RW           18    .bss                main.o
    0x20019180        -       0x00000060   Zero   RW           19    .bss                main.o
    0x200191e0        -       0x00000060   Zero   RW           20    .bss                main.o
    0x20019240        -       0x000001e0   Zero   RW           21    .bss                main.o
    0x20019420        -       0x00000190   Zero   RW           22    .bss                main.o
    0x200195b0        -       0x00000190   Zero   RW           23    .bss                main.o
    0x20019740        -       0x000001e0   Zero   RW           24    .bss                main.o
    0x20019920        -       0x00000100   Zero   RW           25    .bss                main.o
    0x20019a20        -       0x000004a4   Zero   RW          250    .bss                pdm2pcm.o
    0x20019ec4        -       0x0000029c   Zero   RW          288    .bss                usb_device.o
    0x2001a160        -       0x00000408   Zero   RW          352    .bss                usbd_conf.o
    0x2001a568        -       0x00000200   Zero   RW          530    .bss                usbd_desc.o
    0x2001a768        -       0x00000048   Zero   RW         4294    .bss                usbd_audio.o
    0x2001a7b0        -       0x00000400   Zero   RW            1    STACK               startup_stm32f446xx.o


==============================================================================

Image component sizes


      Code (inc. data)   RO Data    RW Data    ZI Data      Debug   Object Name

      1522        122          0        127     103152     744214   main.o
       308         32          0        256       1188       3452   pdm2pcm.o
        36          8        452          0       1024        912   startup_stm32f446xx.o
       184         30          0         12          0      10009   stm32f4xx_hal.o
       248         16          0          0          0      34777   stm32f4xx_hal_cortex.o
        34          0          0          0          0       1243   stm32f4xx_hal_crc.o
       624         14          8          0          0       4555   stm32f4xx_hal_dma.o
       580         22          0          0          0       3371   stm32f4xx_hal_gpio.o
       698         12          0          0          0       5899   stm32f4xx_hal_i2s.o
       748         96          0          4          0       5648   stm32f4xx_hal_msp.o
      2726         32          0          0          0      14631   stm32f4xx_hal_pcd.o
       124          0          0          0          0       2848   stm32f4xx_hal_pcd_ex.o
       120         12          0          0          0       1448   stm32f4xx_hal_pwr_ex.o
       360         30          0          0          0       2512   stm32f4xx_hal_rcc.o
      2872        146          0          0          0       6647   stm32f4xx_hal_rcc_ex.o
       684         22          0          0          0       5145   stm32f4xx_hal_sai.o
       104         26          0          0          0       1957   stm32f4xx_hal_sai_ex.o
      1290         36          0          0          0       9845   stm32f4xx_hal_tim.o
       232          0          0          0          0       2396   stm32f4xx_hal_tim_ex.o
        56         18          0          0          0       6598   stm32f4xx_it.o
      2906        110          0          0          0      26109   stm32f4xx_ll_usb.o
        28          8         16          4          0       1407   system_stm32f4xx.o
        88         16          0          0        668        952   usb_device.o
      3548        490          0        286         72      23223   usbd_audio.o
        28          0          0         28          0       4736   usbd_audio_if.o
       916         26          0          0       1032      19379   usbd_conf.o
       720          0          0          0          0      13913   usbd_core.o
      1340         28          0          1          0       8032   usbd_ctlreq.o
       316        120          0         78        512       6789   usbd_desc.o
       132          0          0          0          0       5156   usbd_ioreq.o

    ----------------------------------------------------------------------
     23606       1472        508        808     107648     977803   Object Totals
         0          0         32          0          0          0   (incl. Generated)
        34          0          0         12          0          0   (incl. Padding)

    ----------------------------------------------------------------------

      Code (inc. data)   RO Data    RW Data    ZI Data      Debug   Library Member Name

      8472        648          0       1028          0       2588   pdm_filter.o
       108         26          0          0          0        116   stm32_crc_lock.o
        38          0          0          0          0        116   fpclassifyf.o
        74         24          0          0          0        580   funder.o
      1636        110        320          0          0        372   powf.o
       154          0          0          0          0        140   roundf.o
        94          0          0          0          0          0   __dclz77c.o
         0          0          0          0          0          0   entry.o
         0          0          0          0          0          0   entry10a.o
         0          0          0          0          0          0   entry11a.o
         4          0          0          0          0          0   entry12b.o
         8          4          0          0          0          0   entry2.o
         4          0          0          0          0          0   entry5.o
         0          0          0          0          0          0   entry7b.o
         0          0          0          0          0          0   entry8b.o
         8          4          0          0          0          0   entry9a.o
        12          6          0          4          0         68   errno.o
        30          0          0          0          0          0   handlers.o
        36          8          0          0          0         68   init.o
         0          0          0          0          0          0   iusefp.o
        30          0          0          0          0         68   llshl.o
        32          0          0          0          0         68   llushr.o
        36          0          0          0          0        108   memseta.o
        98          0          0          0          0         92   uldiv.o
       110          0          0          0          0        168   fepilogue.o
         4          0          0          0          0         68   fpstat.o
        60          0          0          0          0         76   frnd.o

    ----------------------------------------------------------------------
     11054        830        320       1032          0       4696   Library Totals
         6          0          0          0          0          0   (incl. Padding)

    ----------------------------------------------------------------------

      Code (inc. data)   RO Data    RW Data    ZI Data      Debug   Library Name

      8580        674          0       1028          0       2704   libPDMFilter_CM4_Keil_wc16.lib
      1902        134        320          0          0       1208   m_wm.l
       392         22          0          4          0        472   mc_w.l
       174          0          0          0          0        312   mf_w.l

    ----------------------------------------------------------------------
     11054        830        320       1032          0       4696   Library Totals

    ----------------------------------------------------------------------

==============================================================================


      Code (inc. data)   RO Data    RW Data    ZI Data      Debug   

     34660       2302        828       1840     107648     960371   Grand Totals
     34660       2302        828       1396     107648     960371   ELF Image Totals (compressed)
     34660       2302        828       1396          0          0   ROM Totals

==============================================================================

    Total RO  Size (Code + RO Data)                35488 (  34.66kB)
    Total RW  Size (RW Data + ZI Data)            109488 ( 106.92kB)
    Total ROM Size (Code + RO Data + RW Data)      36884 (  36.02kB)

==============================================================================

